[www.sport-spiegels.nl/index.html]
[www.sport-spiegels.nl/cdn/shop/files/SportballsV71739.png]
[backblue.gif]
[fade.gif]
[index.html]
[www.sport-spiegels.nl/cdn/shop/t/2/assets/constantsaab9.js]
[www.sport-spiegels.nl/cdn/shop/t/2/assets/pubsub3c83.js]
[www.sport-spiegels.nl/cdn/shop/t/2/assets/globaldcc9.js]
[www.sport-spiegels.nl/cdn/shop/t/2/assets/animations99a6.js]
[www.sport-spiegels.nl/en.html]
[www.sport-spiegels.nl/de.html]
[www.sport-spiegels.nl/checkouts/internal/preloads1b3c.js]
[www.sport-spiegels.nl/cdn/shopifycloud/shop-js/modules/v2/client.init-shop-cart-sync_DJTDvaAk.nl.esm.js]
[www.sport-spiegels.nl/cdn/shopifycloud/shop-js/modules/v2/chunk.common_Dun75tH5.esm.js]
[cdn.shopify.com/shopifycloud/storefront-forms-hcaptcha/ce_storefront_forms_captcha_hcaptcha.v1.5.2.iife.js]
[www.sport-spiegels.nl/cdn/shopifycloud/storefront/assets/storefront/load_feature-81c60534.js]
[www.sport-spiegels.nl/cdn/shopifycloud/portable-wallets/latest/portable-wallets.nl.js]
[www.sport-spiegels.nl/cdn/shop/t/2/compiled_assets/scripts82aa.js]
[www.sport-spiegels.nl/cdn/fonts/jost/jost_n7.921dc18c13fa0b0c94c5e2517ffe06139c3615a3.woff2]
[www.sport-spiegels.nl/cdn/fonts/jost/jost_n7.cbfc16c98c1e195f46c536e775e4e959c5f2f22b.woff]
[www.sport-spiegels.nl/cdn/shop/t/2/assets/base07c7.css]
[www.sport-spiegels.nl/cdn/shop/t/2/assets/component-localization-formb6d7.css]
[www.sport-spiegels.nl/cdn/shop/t/2/assets/localization-form3c6a.js]
[www.sport-spiegels.nl/cdn/shop/t/2/assets/component-predictive-search9169.css]
[www.sport-spiegels.nl/POST]
[www.sport-spiegels.nl/cdn]
[www.sport-spiegels.nl/cdn/s/trekkie.storefront.5ad93876886aa0a32f5bade9f25632a26c6f183a.min.js]
[www.sport-spiegels.nl/cdn/shopifycloud/storefront/assets/shop_events_listener-3da45d37.js]
[www.sport-spiegels.nl/cdn/shopifycloud/perf-kit/shopify-perf-kit-2.1.2.min.js]
[www.sport-spiegels.nl/cdn/shop/t/2/assets/quantity-popover0716.css]
[www.sport-spiegels.nl/cdn/shop/t/2/assets/component-card574a.css]
[www.sport-spiegels.nl/cdn/shop/t/2/assets/cartce53.js]
[www.sport-spiegels.nl/cdn/shop/t/2/assets/quantity-popover7e1a.js]
[www.sport-spiegels.nl/collections/all.html]
[www.sport-spiegels.nl/policies/shipping-policy.html]
[www.sport-spiegels.nl/cdn/shop/t/2/assets/component-slideshow2083.css]
[www.sport-spiegels.nl/cdn/shop/t/2/assets/component-slidere289.css]
[www.sport-spiegels.nl/cdn/shop/t/2/assets/component-list-menu53e6.css]
[www.sport-spiegels.nl/cdn/shop/t/2/assets/component-searchcb83.css]
[www.sport-spiegels.nl/cdn/shop/t/2/assets/component-menu-drawer3c1b.css]
[www.sport-spiegels.nl/cdn/shop/t/2/assets/component-cart-notificationdb49.css]
[www.sport-spiegels.nl/cdn/shop/t/2/assets/component-cart-itemsb2ef.css]
[www.sport-spiegels.nl/cdn/shop/t/2/assets/component-price99a7.css]
[www.sport-spiegels.nl/cdn/shop/t/2/assets/component-cart-drawer6f43.css]
[www.sport-spiegels.nl/cdn/shop/t/2/assets/component-cartf395.css]
[www.sport-spiegels.nl/cdn/shop/t/2/assets/component-totalsa3c7.css]
[www.sport-spiegels.nl/cdn/shop/t/2/assets/component-discounts898f.css]
[www.sport-spiegels.nl/cdn/shop/t/2/assets/details-disclosuref5ec.js]
[www.sport-spiegels.nl/cdn/shop/t/2/assets/details-modal3aa7.js]
[www.sport-spiegels.nl/cdn/shop/t/2/assets/cart-notification4f3f.js]
[www.sport-spiegels.nl/cdn/shop/t/2/assets/search-form02a8.js]
[www.sport-spiegels.nl/cdn/shop/t/2/assets/cart-drawer6131.js]
[www.sport-spiegels.nl/pages/het-concept-doe-mee.html]
[www.sport-spiegels.nl/collections/voetbalspiegels.html]
[www.sport-spiegels.nl/collections/motivatiespiegels.html]
[www.sport-spiegels.nl/collections/kunstspiegels.html]
[www.sport-spiegels.nl/collections/overige-sportspiegels.html]
[www.sport-spiegels.nl/pages/contact.html]
[www.sport-spiegels.nl/cdn/shop/t/2/assets/component-loading-spinner2763.css]
[www.sport-spiegels.nl/cdn/shop/files/Sportspiegels-logo-wite36d.png]
[www.sport-spiegels.nl/cart.html]
[www.sport-spiegels.nl/cdn/shop/t/2/assets/section-image-banner9c0c.css]
[www.sport-spiegels.nl/cdn/shop/files/AVW66_billboard_design261b0.png]
[www.sport-spiegels.nl/cdn/shop/t/2/assets/template-collectiondc48.css]
[www.sport-spiegels.nl/cdn/shop/t/2/assets/quick-add795d.css]
[www.sport-spiegels.nl/cdn/shop/t/2/assets/product-form246c.js]
[www.sport-spiegels.nl/cdn/shop/t/2/assets/quick-adde7aa.js]
[www.sport-spiegels.nl/cdn/shop/t/2/assets/component-ratingc977.css]
[www.sport-spiegels.nl/cdn/shop/t/2/assets/component-volume-pricing103a.css]
[www.sport-spiegels.nl/cdn/shop/t/2/assets/quick-order-list4fe8.css]
[www.sport-spiegels.nl/cdn/shop/files/Kunstspiegel-Aarde-17842.png]
[www.sport-spiegels.nl/products/aarde-kunstspiegel-onze-blauwe-parel.html]
[www.sport-spiegels.nl/cdn/shop/files/Achterhoekseflag-1fd5f.png]
[www.sport-spiegels.nl/products/achterhoekse-flag-spiegel.html]
[www.sport-spiegels.nl/cdn/shop/files/Spacedude-37f95.png]
[www.sport-spiegels.nl/products/astronaut-spiegel-zweef-in-de-ruimte.html]
[www.sport-spiegels.nl/cdn/shop/files/Voetbalsjaal_AVW66-1ee0c.png]
[www.sport-spiegels.nl/products/avw66-trots-op-avw-voetbalsjaal.html]
[www.sport-spiegels.nl/cdn/shop/t/2/assets/component-newsletter9f39.css]
[www.sport-spiegels.nl/cdn/shop/t/2/assets/newsletter-section8cd7.css]
[www.sport-spiegels.nl/cdn/shop/t/2/assets/section-footer41f2.css]
[www.sport-spiegels.nl/cdn/shop/t/2/assets/component-list-paymentc98c.css]
[www.sport-spiegels.nl/cdn/shop/t/2/assets/component-list-social7d0b.css]
[www.sport-spiegels.nl/policies/contact-information.html]
[www.sport-spiegels.nl/policies/privacy-policy.html]
[www.sport-spiegels.nl/policies/refund-policy.html]
[www.sport-spiegels.nl/policies/terms-of-service.html]
[www.sport-spiegels.nl/cdn/shop/t/2/assets/predictive-searche18e.js]
[www.sport-spiegels.nl/index.html]
[cdn.shopify.com/extensions/0199c1bf-66f8-7707-836e-c0d2b17297be/salekit-100/assets/salekit-v2.js]
[www.sport-spiegels.nl/checkouts/internal/preloadsfeb4.js]
[www.sport-spiegels.nl/en/index.html]
[www.sport-spiegels.nl/cdn/shopifycloud/shop-js/modules/v2/client.init-shop-cart-sync_Bc8-qrdt.en.esm.js]
[www.sport-spiegels.nl/cdn/shopifycloud/shop-js/modules/v2/chunk.common_CmNk3qlo.esm.js]
[www.sport-spiegels.nl/cdn/shopifycloud/portable-wallets/latest/portable-wallets.en.js]
[www.sport-spiegels.nl/en/collections/all.html]
[www.sport-spiegels.nl/en/policies/shipping-policy.html]
[www.sport-spiegels.nl/en/pages/het-concept-doe-mee.html]
[www.sport-spiegels.nl/en/collections/voetbalspiegels.html]
[www.sport-spiegels.nl/en/collections/motivatiespiegels.html]
[www.sport-spiegels.nl/en/collections/kunstspiegels.html]
[www.sport-spiegels.nl/en/collections/overige-sportspiegels.html]
[www.sport-spiegels.nl/en/pages/contact.html]
[www.sport-spiegels.nl/en/cart.html]
[www.sport-spiegels.nl/en/products/aarde-kunstspiegel-onze-blauwe-parel.html]
[www.sport-spiegels.nl/en/products/achterhoekse-flag-spiegel.html]
[www.sport-spiegels.nl/en/products/astronaut-spiegel-zweef-in-de-ruimte.html]
[www.sport-spiegels.nl/en/products/avw66-trots-op-avw-voetbalsjaal.html]
[www.sport-spiegels.nl/en/policies/contact-information.html]
[www.sport-spiegels.nl/en/policies/privacy-policy.html]
[www.sport-spiegels.nl/en/policies/refund-policy.html]
[www.sport-spiegels.nl/en.html]
[www.sport-spiegels.nl/en/policies/terms-of-service.html]
[www.sport-spiegels.nl/checkouts/internal/preloads1f65.js]
[www.sport-spiegels.nl/de/index.html]
[www.sport-spiegels.nl/cdn/shopifycloud/shop-js/modules/v2/client.init-shop-cart-sync_BnV6Aryc.de.esm.js]
[www.sport-spiegels.nl/cdn/shopifycloud/shop-js/modules/v2/chunk.common_Cf6kPQmv.esm.js]
[www.sport-spiegels.nl/cdn/shopifycloud/portable-wallets/latest/portable-wallets.de.js]
[www.sport-spiegels.nl/de/collections/all.html]
[www.sport-spiegels.nl/de/policies/shipping-policy.html]
[www.sport-spiegels.nl/de/pages/het-concept-doe-mee.html]
[www.sport-spiegels.nl/de/collections/voetbalspiegels.html]
[www.sport-spiegels.nl/de/collections/motivatiespiegels.html]
[www.sport-spiegels.nl/de/collections/kunstspiegels.html]
[www.sport-spiegels.nl/de/collections/overige-sportspiegels.html]
[www.sport-spiegels.nl/de/pages/contact.html]
[www.sport-spiegels.nl/de/cart.html]
[www.sport-spiegels.nl/de/products/aarde-kunstspiegel-onze-blauwe-parel.html]
[www.sport-spiegels.nl/de/products/achterhoekse-flag-spiegel.html]
[www.sport-spiegels.nl/de/products/astronaut-spiegel-zweef-in-de-ruimte.html]
[www.sport-spiegels.nl/de/products/avw66-trots-op-avw-voetbalsjaal.html]
[www.sport-spiegels.nl/de/policies/contact-information.html]
[www.sport-spiegels.nl/de/policies/privacy-policy.html]
[www.sport-spiegels.nl/de/policies/refund-policy.html]
[www.sport-spiegels.nl/de.html]
[www.sport-spiegels.nl/de/policies/terms-of-service.html]
[www.sport-spiegels.nl/cdn/shop/t/2/assets/sparkle.gif]
[www.sport-spiegels.nl/cdn/shop/t/2/assets/base07c7.css]
[www.sport-spiegels.nl/cdn/shop/t/2/assets/component-localization-formb6d7.css]
[www.sport-spiegels.nl/cdn/shop/t/2/assets/component-predictive-search9169.css]
[www.sport-spiegels.nl/POST.html]
[www.sport-spiegels.nl/cdn.html]
[www.sport-spiegels.nl/cdn/shop/t/2/assets/quantity-popover0716.css]
[www.sport-spiegels.nl/cdn/shop/t/2/assets/component-card574a.css]
[www.sport-spiegels.nl/collections/all.atom]
[www.sport-spiegels.nl/collections/all4658.html]
[www.sport-spiegels.nl/collections/POST]
[www.sport-spiegels.nl/cdn/shop/t/2/assets/component-collection-heroc0d2.css]
[www.sport-spiegels.nl/cdn/shop/t/2/assets/component-facets63e4.css]
[www.sport-spiegels.nl/cdn/shop/t/2/assets/facets777a.js]
[www.sport-spiegels.nl/cdn/shop/t/2/assets/component-show-more87b3.css]
[www.sport-spiegels.nl/cdn/shop/t/2/assets/component-swatch-input627e.css]
[www.sport-spiegels.nl/cdn/shop/t/2/assets/component-swatch0bed.css]
[www.sport-spiegels.nl/cdn/shop/t/2/assets/show-morebf21.js]
[www.sport-spiegels.nl/cdn/shop/files/Achterhoekseflag-28d91.png]
[www.sport-spiegels.nl/cdn/shop/files/Spacedude-28653.png]
[www.sport-spiegels.nl/cdn/shop/files/Voetbalsjaal_AVW66-25122.png]
[www.sport-spiegels.nl/cdn/shop/files/DSC_11275612.jpg]
[www.sport-spiegels.nl/cdn/shop/files/DSC_11365612.jpg]
[www.sport-spiegels.nl/products/avw66-voetbalspiegel.html]
[www.sport-spiegels.nl/cdn/shop/files/Basketbal8003.png]
[www.sport-spiegels.nl/cdn/shop/files/Basketbal-28003.png]
[www.sport-spiegels.nl/products/basketbal.html]
[www.sport-spiegels.nl/cdn/shop/files/Flower-circle_kunstspiegel-28785.png]
[www.sport-spiegels.nl/cdn/shop/files/Flower-circle_kunstspiegel-3da68.png]
[www.sport-spiegels.nl/products/bloemen-spiegel-een-vleugje-natuur-aan-de-muur.html]
[www.sport-spiegels.nl/cdn/shop/files/D.V.C._Didam_26_afbeelding_5a0f6.png]
[www.sport-spiegels.nl/cdn/shop/files/D.V.C._Didam_26_afbeelding_6a0f6.png]
[www.sport-spiegels.nl/products/d-v-c-26-didam.html]
[www.sport-spiegels.nl/cdn/shop/files/VoebalsjaalGraafschap-1d1b7.png]
[www.sport-spiegels.nl/cdn/shop/files/VoebalsjaalGraafschap-2d1b7.png]
[www.sport-spiegels.nl/products/de-graafschap-veur-altied-voebalsjaalspiegel.html]
[www.sport-spiegels.nl/cdn/shop/files/Graafshap_afbeelding_2ba7f.png]
[www.sport-spiegels.nl/cdn/shop/files/Graafshap_afbeelding_12564.png]
[www.sport-spiegels.nl/products/de-graafschap-voetbalspiegel-samen-dran.html]
[www.sport-spiegels.nl/cdn/shop/files/DO_IT_motivatie_spiegel-2028e.png]
[www.sport-spiegels.nl/cdn/shop/files/DO_IT_motivatie_spiegel-1028e.png]
[www.sport-spiegels.nl/products/volleybalspiegel-copy.html]
[www.sport-spiegels.nl/cdn/shop/files/007-gunbarrel-26cf3.png]
[www.sport-spiegels.nl/cdn/shop/files/007-gunbarrel-1ee57.png]
[www.sport-spiegels.nl/products/gunbarrel-reflectie-spiegel-stap-in-de-wereld-van-james-bond.html]
[www.sport-spiegels.nl/cdn/shop/files/Herfst_kunstspiegel-24155.png]
[www.sport-spiegels.nl/cdn/shop/files/Herfst_kunstspiegel-34155.png]
[www.sport-spiegels.nl/products/herfst-spiegel-een-warmhartige-reflectie-van-het-seizoen.html]
[www.sport-spiegels.nl/cdn/shop/files/Pink_peach_tree_leaves-268ea.png]
[www.sport-spiegels.nl/cdn/shop/files/Pink_peach_tree_leaves-1fd5f.png]
[www.sport-spiegels.nl/products/kersenbloesem-boom-spiegel-bloeiende-schoonheidpy.html]
[www.sport-spiegels.nl/cdn/shop/files/VoetbalsjaalKozakkenboys-43423.png]
[www.sport-spiegels.nl/cdn/shop/files/VoetbalsjaalKozakkenboys-33423.png]
[www.sport-spiegels.nl/products/kozakken-boys-trots-van-brabant-sinds-1932-voebalsjaalspiegel.html]
[www.sport-spiegels.nl/cdn/shop/files/VoetbalspiegelKozakkenBoys-131c4.png]
[www.sport-spiegels.nl/cdn/shop/files/Voetbalspiegel_KozakkenBoys-2d1d0.png]
[www.sport-spiegels.nl/products/kozakken-boys-werkendam-aan-de-macht-voetbalspiegel.html]
[www.sport-spiegels.nl/cdn/shop/files/Lente_kunstspiegel-2e4e3.png]
[www.sport-spiegels.nl/cdn/shop/files/Lente_kunstspiegel-3fd5f.png]
[www.sport-spiegels.nl/products/lente-spiegel-een-vrolijke-reflectie-van-het-seizoen.html]
[www.sport-spiegels.nl/cdn/shop/files/Maankunstcirkel350mmdiameter-12857.png]
[www.sport-spiegels.nl/cdn/shop/files/Maankunstcirkel350mmdiameter-220ee.png]
[www.sport-spiegels.nl/products/maan-kunstcirkel.html]
[www.sport-spiegels.nl/cdn/shop/files/Maan_Kunstspiegel-34155.png]
[www.sport-spiegels.nl/cdn/shop/files/Maan_Kunstspiegel-468ea.png]
[www.sport-spiegels.nl/products/maan-spiegel-zie-jezelf-in-het-mysterie-van-de-maan.html]
[www.sport-spiegels.nl/cdn/shop/files/Mantra-rood-paars-kunstspiegel-35622.png]
[www.sport-spiegels.nl/cdn/shop/files/Mantra-rood-paars-kunstspiegel-2fd5f.png]
[www.sport-spiegels.nl/products/mantra-spiegels-symmetrie-vrede-kunst.html]
[www.sport-spiegels.nl/cdn/shop/files/Striped-shapes-34155.png]
[www.sport-spiegels.nl/cdn/shop/files/Striped-shapes-21ca4.png]
[www.sport-spiegels.nl/products/moderne-decoratie-geometrische-spiegel.html]
[www.sport-spiegels.nl/cdn/shop/files/Moody-shapes-stars-31e1e.png]
[www.sport-spiegels.nl/cdn/shop/files/Moody-shapes-2ddad.png]
[www.sport-spiegels.nl/products/moody-shapes-spiegel-een-hippe-groove.html]
[www.sport-spiegels.nl/cdn/shop/files/Plutosportspiegel400x300-3b008.png]
[www.sport-spiegels.nl/cdn/shop/files/Plutosportspiegel400x300-2b008.png]
[www.sport-spiegels.nl/products/de-graafschap-veur-altied-voebalsjaalspiegel-copy-copy.html]
[www.sport-spiegels.nl/cdn/shop/files/VoetbalsjaalSC-Genemuiden-1d1b7.png]
[www.sport-spiegels.nl/cdn/shop/files/VoetbalsjaalSC-Genemuiden-2d1b7.png]
[www.sport-spiegels.nl/products/sc-genemuiden-voetbalsjaalspiegel.html]
[www.sport-spiegels.nl/collections/all.html]
[www.sport-spiegels.nl/cdn/shop/t/2/assets/component-pagination18c9.css]
[www.sport-spiegels.nl/cdn/shopifycloud/storefront/assets/storefront/policy-0e156355.css]
[www.sport-spiegels.nl/policies/POST]
[www.sport-spiegels.nl/policies/shipping-policy.html]
[www.sport-spiegels.nl/cdn/shop/t/2/assets/component-slideshow2083.css]
[www.sport-spiegels.nl/cdn/shop/t/2/assets/component-slidere289.css]
[www.sport-spiegels.nl/cdn/shop/t/2/assets/component-list-menu53e6.css]
[www.sport-spiegels.nl/cdn/shop/t/2/assets/component-searchcb83.css]
[www.sport-spiegels.nl/cdn/shop/t/2/assets/component-menu-drawer3c1b.css]
[www.sport-spiegels.nl/cdn/shop/t/2/assets/component-cart-notificationdb49.css]
[www.sport-spiegels.nl/cdn/shop/t/2/assets/component-cart-itemsb2ef.css]
[www.sport-spiegels.nl/cdn/shop/t/2/assets/component-price99a7.css]
[www.sport-spiegels.nl/cdn/shop/t/2/assets/component-cart-drawer6f43.css]
[www.sport-spiegels.nl/cdn/shop/t/2/assets/component-cartf395.css]
[www.sport-spiegels.nl/cdn/shop/t/2/assets/component-totalsa3c7.css]
[www.sport-spiegels.nl/cdn/shop/t/2/assets/component-discounts898f.css]
[www.sport-spiegels.nl/pages/POST]
[www.sport-spiegels.nl/cdn/shop/t/2/assets/section-main-pagec260.css]
[cdn.shopify.com/s/files/1/0852/7111/8155/files/Banner_sportspiegels_doe_mee8c17.png]
[www.sport-spiegels.nl/pages/het-concept-doe-mee.html]
[www.sport-spiegels.nl/collections/voetbalspiegels.atom]
[www.sport-spiegels.nl/collections/voetbalspiegels.oembed]
[www.sport-spiegels.nl/cdn/shop/files/Viod_Doetinchem_afbeelding-1b124.png]
[www.sport-spiegels.nl/cdn/shop/files/Viod_Doetinchem_afbeelding-23435.png]
[www.sport-spiegels.nl/products/viod-doetinchem-voetbalspiegel.html]
[www.sport-spiegels.nl/cdn/shop/files/VoetbalsjaalWarnveldseboys-573ba.png]
[www.sport-spiegels.nl/cdn/shop/files/VoetbalsjaalWarnveldseboys-473ba.png]
[www.sport-spiegels.nl/products/warnveldse-boys-hart-van-de-boys-voebalsjaalspiegel.html]
[www.sport-spiegels.nl/cdn/shop/files/VoetbalspiegelWarnveldseBoys-39308.png]
[www.sport-spiegels.nl/cdn/shop/files/VoetbalspiegelWarnveldseBoys-49308.png]
[www.sport-spiegels.nl/products/warnveldse-boys-hart-van-de-boys-voetbalspiegel.html]
[www.sport-spiegels.nl/cdn/shop/files/Voetbal_kunstspiegel-12671.png]
[www.sport-spiegels.nl/cdn/shop/files/Voetbal_kunstspiegel-212e1.png]
[www.sport-spiegels.nl/products/voetbalspiegel.html]
[www.sport-spiegels.nl/cdn/shop/files/SP-Genemuiden-1190a.png]
[www.sport-spiegels.nl/cdn/shop/files/SP-Genemuiden-28d91.png]
[www.sport-spiegels.nl/collections/voetbalspiegels.html]
[www.sport-spiegels.nl/products/sportclub-genemuiden-voetbalspiegel-de-trots-van-het-oosten.html]
[www.sport-spiegels.nl/collections/motivatiespiegels.atom]
[www.sport-spiegels.nl/collections/motivatiespiegels.oembed]
[www.sport-spiegels.nl/cdn/shop/files/Youronlylimitisyourmindmotivatiespiegel-34852.png]
[www.sport-spiegels.nl/cdn/shop/files/Youronlylimitisyourmindmotivatiespiegel-24852.png]
[www.sport-spiegels.nl/products/your-only-limit-is-your-mind-motivatie-spiegel.html]
[www.sport-spiegels.nl/cdn/shop/files/Workingonanewmemotivatiespiegel-244f6.png]
[www.sport-spiegels.nl/cdn/shop/files/Workingonanewmemotivatiespiegel-144f6.png]
[www.sport-spiegels.nl/products/working-on-a-new-me-motivatie-spiegel.html]
[www.sport-spiegels.nl/cdn/shop/files/GoonFLEXMotivatiespiegel-16e15.png]
[www.sport-spiegels.nl/products/you-know-that-you-want-to-pose-go-on-flex-💪-motivatie-spiegel.html]
[www.sport-spiegels.nl/cdn/shop/files/Be_one_motivatie_spiegel-298ac.png]
[www.sport-spiegels.nl/cdn/shop/files/Be_one_motivatie_spiegel-1759d.png]
[www.sport-spiegels.nl/collections/motivatiespiegels.html]
[www.sport-spiegels.nl/products/waste-no-time-arguing-what-a-good-man-should-be-be-one-motivatie-spiegel.html]
[www.sport-spiegels.nl/collections/kunstspiegels.atom]
[www.sport-spiegels.nl/collections/kunstspiegels.oembed]
[www.sport-spiegels.nl/cdn/shop/files/Volleybal2ced.png]
[www.sport-spiegels.nl/cdn/shop/files/volleybal-22ced.png]
[www.sport-spiegels.nl/products/volleybal.html]
[www.sport-spiegels.nl/cdn/shop/files/Wanted_Poster-2da68.png]
[www.sport-spiegels.nl/cdn/shop/files/Wanted_Poster-1da68.png]
[www.sport-spiegels.nl/products/wanted-poster-spiegel-zoek-jezelf-als-gezochte-bandiet.html]
[www.sport-spiegels.nl/cdn/shop/files/Kerst_kunstspiegel-3ddad.png]
[www.sport-spiegels.nl/cdn/shop/files/Kerst_kunstspiegel-1fd5f.png]
[www.sport-spiegels.nl/products/winter-spiegel-een-koele-reflectie-van-het-seizoen.html]
[www.sport-spiegels.nl/cdn/shop/files/yin_yang-kunustspiegel-37f95.png]
[www.sport-spiegels.nl/cdn/shop/files/yin_yang-kunustspiegel-1190a.png]
[www.sport-spiegels.nl/products/ying-yang-spiegel-balans-en-reflectie-in-een.html]
[www.sport-spiegels.nl/cdn/shop/files/Blackhole-24155.png]
[www.sport-spiegels.nl/cdn/shop/files/Blackhole-1ca0e.png]
[www.sport-spiegels.nl/collections/kunstspiegels.html]
[www.sport-spiegels.nl/products/zwart-gat-spiegel-reflectie-van-een-kleurrijk-universum.html]
[www.sport-spiegels.nl/collections/overige-sportspiegels.atom]
[www.sport-spiegels.nl/collections/overige-sportspiegels.oembed]
[www.sport-spiegels.nl/collections/overige-sportspiegels.html]
[www.sport-spiegels.nl/pages/contact.html]
[www.sport-spiegels.nl/cdn/shop/t/2/assets/component-loading-spinner2763.css]
[www.sport-spiegels.nl/cart.html]
[www.sport-spiegels.nl/cdn/shop/t/2/assets/section-image-banner9c0c.css]
[www.sport-spiegels.nl/cdn/shop/t/2/assets/template-collectiondc48.css]
[www.sport-spiegels.nl/cdn/shop/t/2/assets/quick-add795d.css]
[www.sport-spiegels.nl/cdn/shop/t/2/assets/component-ratingc977.css]
[www.sport-spiegels.nl/cdn/shop/t/2/assets/component-volume-pricing103a.css]
[www.sport-spiegels.nl/cdn/shop/t/2/assets/quick-order-list4fe8.css]
[www.sport-spiegels.nl/cdn/shop/t/2/assets/section-contact-form9bfb.css]
[www.sport-spiegels.nl/cdn/shop/files/Kunstspiegel-Aarde-116a5.png]
[www.sport-spiegels.nl/products/aarde-kunstspiegel-onze-blauwe-parel.oembed]
[www.sport-spiegels.nl/cdn/shopifycloud/portable-wallets/latest/accelerated-checkout-backwards-compat.css]
[www.sport-spiegels.nl/products/POST]
[www.sport-spiegels.nl/cdn/shop/t/2/assets/section-main-producte7fd.css]
[www.sport-spiegels.nl/cdn/shop/t/2/assets/component-accordione990.css]
[www.sport-spiegels.nl/cdn/shop/t/2/assets/component-deferred-media9304.css]
[www.sport-spiegels.nl/cdn/shop/t/2/assets/component-product-variant-picker988a.css]
[www.sport-spiegels.nl/cdn/shop/t/2/assets/product-infoe7bd.js]
[www.sport-spiegels.nl/cdn/shop/files/Kunstspiegel-Aarde-14d77.png]
[www.sport-spiegels.nl/cdn/shop/t/2/assets/component-pickup-availability2adc.css]
[www.sport-spiegels.nl/cdn/shop/t/2/assets/pickup-availability5c1e.js]
[www.sport-spiegels.nl/cdn/shop/t/2/assets/share305c.js]
[www.sport-spiegels.nl/cdn/shop/files/Kunstspiegel-Aarde-12ec4.png]
[www.sport-spiegels.nl/cdn/shop/t/2/assets/product-modal5692.js]
[www.sport-spiegels.nl/cdn/shop/t/2/assets/media-gallery73c3.js]
[www.sport-spiegels.nl/products/aarde-kunstspiegel-onze-blauwe-parel.html]
[www.sport-spiegels.nl/cdn/shop/t/2/assets/section-related-productsacea.css]
[www.sport-spiegels.nl/cdn/shop/files/Achterhoekseflag-1af22.png]
[www.sport-spiegels.nl/products/achterhoekse-flag-spiegel.oembed]
[www.sport-spiegels.nl/cdn/shop/files/Achterhoekseflag-1f3ba.png]
[www.sport-spiegels.nl/cdn/shop/files/Achterhoekseflag-2085f.png]
[www.sport-spiegels.nl/cdn/shop/files/Achterhoekseflag-1b8c5.png]
[www.sport-spiegels.nl/cdn/shop/files/Achterhoekseflag-2374b.png]
[www.sport-spiegels.nl/cdn/shop/files/Achterhoekseflag-1b56a.png]
[www.sport-spiegels.nl/cdn/shop/files/Achterhoekseflag-24e1c.png]
[www.sport-spiegels.nl/products/achterhoekse-flag-spiegel.html]
[www.sport-spiegels.nl/cdn/shop/files/Spacedude-3003c.png]
[www.sport-spiegels.nl/products/astronaut-spiegel-zweef-in-de-ruimte.oembed]
[www.sport-spiegels.nl/cdn/shop/files/Spacedude-391c4.png]
[www.sport-spiegels.nl/cdn/shop/files/Spacedude-2eae3.png]
[www.sport-spiegels.nl/cdn/shop/files/Spacedude-1cf19.png]
[www.sport-spiegels.nl/cdn/shop/files/Spacedude-3aac5.png]
[www.sport-spiegels.nl/cdn/shop/files/Spacedude-2d635.png]
[www.sport-spiegels.nl/cdn/shop/files/Spacedude-1d829.png]
[www.sport-spiegels.nl/cdn/shop/files/Spacedude-3c336.png]
[www.sport-spiegels.nl/cdn/shop/files/Spacedude-2aef9.png]
[www.sport-spiegels.nl/cdn/shop/files/Spacedude-1629c.png]
[www.sport-spiegels.nl/products/astronaut-spiegel-zweef-in-de-ruimte.html]
[www.sport-spiegels.nl/cdn/shop/files/Voetbalsjaal_AVW66-1f2a1.png]
[www.sport-spiegels.nl/products/avw66-trots-op-avw-voetbalsjaal.oembed]
[www.sport-spiegels.nl/cdn/shop/files/Voetbalsjaal_AVW66-13bf3.png]
[www.sport-spiegels.nl/cdn/shop/files/Voetbalsjaal_AVW66-26008.png]
[www.sport-spiegels.nl/cdn/shop/files/Voetbalsjaal_AVW66-36008.png]
[www.sport-spiegels.nl/cdn/shop/files/Voetbalsjaal_AVW66-66008.png]
[www.sport-spiegels.nl/cdn/shop/files/Voetbalsjaal_AVW66-46008.png]
[www.sport-spiegels.nl/cdn/shop/files/Voetbalsjaal_AVW66-56008.png]
[www.sport-spiegels.nl/cdn/shop/files/Voetbalsjaal_AVW66-1a8cb.png]
[www.sport-spiegels.nl/cdn/shop/files/Voetbalsjaal_AVW66-20801.png]
[www.sport-spiegels.nl/cdn/shop/files/Voetbalsjaal_AVW66-30801.png]
[www.sport-spiegels.nl/cdn/shop/files/Voetbalsjaal_AVW66-60801.png]
[www.sport-spiegels.nl/cdn/shop/files/Voetbalsjaal_AVW66-40801.png]
[www.sport-spiegels.nl/cdn/shop/files/Voetbalsjaal_AVW66-50801.png]
[www.sport-spiegels.nl/cdn/shop/files/Voetbalsjaal_AVW66-1b843.png]
[www.sport-spiegels.nl/cdn/shop/files/Voetbalsjaal_AVW66-27866.png]
[www.sport-spiegels.nl/cdn/shop/files/Voetbalsjaal_AVW66-37866.png]
[www.sport-spiegels.nl/cdn/shop/files/Voetbalsjaal_AVW66-67866.png]
[www.sport-spiegels.nl/cdn/shop/files/Voetbalsjaal_AVW66-47866.png]
[www.sport-spiegels.nl/cdn/shop/files/Voetbalsjaal_AVW66-57866.png]
[www.sport-spiegels.nl/products/avw66-trots-op-avw-voetbalsjaal.html]
[www.sport-spiegels.nl/cdn/shop/t/2/assets/component-newsletter9f39.css]
[www.sport-spiegels.nl/cdn/shop/t/2/assets/newsletter-section8cd7.css]
[www.sport-spiegels.nl/cdn/shop/t/2/assets/section-footer41f2.css]
[www.sport-spiegels.nl/cdn/shop/t/2/assets/component-list-paymentc98c.css]
[www.sport-spiegels.nl/cdn/shop/t/2/assets/component-list-social7d0b.css]
[www.sport-spiegels.nl/policies/contact-information.html]
[www.sport-spiegels.nl/policies/privacy-policy.html]
[www.sport-spiegels.nl/policies/refund-policy.html]
[www.sport-spiegels.nl/policies/terms-of-service.html]
[www.sport-spiegels.nl/en/POST]
[www.sport-spiegels.nl/en/index.html]
[www.sport-spiegels.nl/en/collections/all.atom]
[www.sport-spiegels.nl/en/collections/all4658.html]
[www.sport-spiegels.nl/en/collections/POST]
[www.sport-spiegels.nl/en/products/avw66-voetbalspiegel.html]
[www.sport-spiegels.nl/en/products/basketbal.html]
[www.sport-spiegels.nl/en/products/bloemen-spiegel-een-vleugje-natuur-aan-de-muur.html]
[www.sport-spiegels.nl/en/products/d-v-c-26-didam.html]
[www.sport-spiegels.nl/en/products/de-graafschap-veur-altied-voebalsjaalspiegel.html]
[www.sport-spiegels.nl/en/products/de-graafschap-voetbalspiegel-samen-dran.html]
[www.sport-spiegels.nl/en/products/volleybalspiegel-copy.html]
[www.sport-spiegels.nl/en/products/gunbarrel-reflectie-spiegel-stap-in-de-wereld-van-james-bond.html]
[www.sport-spiegels.nl/en/products/herfst-spiegel-een-warmhartige-reflectie-van-het-seizoen.html]
[www.sport-spiegels.nl/en/products/kersenbloesem-boom-spiegel-bloeiende-schoonheidpy.html]
[www.sport-spiegels.nl/en/products/kozakken-boys-trots-van-brabant-sinds-1932-voebalsjaalspiegel.html]
[www.sport-spiegels.nl/en/products/kozakken-boys-werkendam-aan-de-macht-voetbalspiegel.html]
[www.sport-spiegels.nl/en/products/lente-spiegel-een-vrolijke-reflectie-van-het-seizoen.html]
[www.sport-spiegels.nl/en/products/maan-kunstcirkel.html]
[www.sport-spiegels.nl/en/products/maan-spiegel-zie-jezelf-in-het-mysterie-van-de-maan.html]
[www.sport-spiegels.nl/en/products/mantra-spiegels-symmetrie-vrede-kunst.html]
[www.sport-spiegels.nl/en/products/moderne-decoratie-geometrische-spiegel.html]
[www.sport-spiegels.nl/en/products/moody-shapes-spiegel-een-hippe-groove.html]
[www.sport-spiegels.nl/en/products/de-graafschap-veur-altied-voebalsjaalspiegel-copy-copy.html]
[www.sport-spiegels.nl/en/collections/all.html]
[www.sport-spiegels.nl/en/products/sc-genemuiden-voetbalsjaalspiegel.html]
[www.sport-spiegels.nl/en/policies/POST]
[www.sport-spiegels.nl/en/policies/shipping-policy.html]
[www.sport-spiegels.nl/en/pages/POST]
[www.sport-spiegels.nl/en/pages/het-concept-doe-mee.html]
[www.sport-spiegels.nl/en/collections/voetbalspiegels.atom]
[www.sport-spiegels.nl/en/collections/voetbalspiegels.oembed]
[www.sport-spiegels.nl/en/products/viod-doetinchem-voetbalspiegel.html]
[www.sport-spiegels.nl/en/products/warnveldse-boys-hart-van-de-boys-voebalsjaalspiegel.html]
[www.sport-spiegels.nl/en/products/warnveldse-boys-hart-van-de-boys-voetbalspiegel.html]
[www.sport-spiegels.nl/en/products/voetbalspiegel.html]
[www.sport-spiegels.nl/en/collections/voetbalspiegels.html]
[www.sport-spiegels.nl/en/products/sportclub-genemuiden-voetbalspiegel-de-trots-van-het-oosten.html]
[www.sport-spiegels.nl/en/collections/motivatiespiegels.atom]
[www.sport-spiegels.nl/en/collections/motivatiespiegels.oembed]
[www.sport-spiegels.nl/en/products/your-only-limit-is-your-mind-motivatie-spiegel.html]
[www.sport-spiegels.nl/en/products/working-on-a-new-me-motivatie-spiegel.html]
[www.sport-spiegels.nl/en/products/you-know-that-you-want-to-pose-go-on-flex-💪-motivatie-spiegel.html]
[www.sport-spiegels.nl/en/collections/motivatiespiegels.html]
[www.sport-spiegels.nl/en/products/waste-no-time-arguing-what-a-good-man-should-be-be-one-motivatie-spiegel.html]
[www.sport-spiegels.nl/en/collections/kunstspiegels.atom]
[www.sport-spiegels.nl/en/collections/kunstspiegels.oembed]
[www.sport-spiegels.nl/en/products/volleybal.html]
[www.sport-spiegels.nl/en/products/wanted-poster-spiegel-zoek-jezelf-als-gezochte-bandiet.html]
[www.sport-spiegels.nl/en/products/winter-spiegel-een-koele-reflectie-van-het-seizoen.html]
[www.sport-spiegels.nl/en/products/ying-yang-spiegel-balans-en-reflectie-in-een.html]
[www.sport-spiegels.nl/en/collections/kunstspiegels.html]
[www.sport-spiegels.nl/en/products/zwart-gat-spiegel-reflectie-van-een-kleurrijk-universum.html]
[www.sport-spiegels.nl/en/collections/overige-sportspiegels.atom]
[www.sport-spiegels.nl/en/collections/overige-sportspiegels.oembed]
[www.sport-spiegels.nl/en/collections/overige-sportspiegels.html]
[www.sport-spiegels.nl/en/pages/contact.html]
[www.sport-spiegels.nl/en/cart.html]
[www.sport-spiegels.nl/en/products/aarde-kunstspiegel-onze-blauwe-parel.oembed]
[www.sport-spiegels.nl/en/products/POST]
[www.sport-spiegels.nl/en/products/aarde-kunstspiegel-onze-blauwe-parel.html]
[www.sport-spiegels.nl/en/products/achterhoekse-flag-spiegel.oembed]
[www.sport-spiegels.nl/en/products/achterhoekse-flag-spiegel.html]
[www.sport-spiegels.nl/en/products/astronaut-spiegel-zweef-in-de-ruimte.oembed]
[www.sport-spiegels.nl/en/products/astronaut-spiegel-zweef-in-de-ruimte.html]
[www.sport-spiegels.nl/en/products/avw66-trots-op-avw-voetbalsjaal.oembed]
[www.sport-spiegels.nl/en/products/avw66-trots-op-avw-voetbalsjaal.html]
[www.sport-spiegels.nl/en/policies/contact-information.html]
[www.sport-spiegels.nl/en/policies/privacy-policy.html]
[www.sport-spiegels.nl/en/policies/refund-policy.html]
[www.sport-spiegels.nl/en/policies/terms-of-service.html]
[www.sport-spiegels.nl/de/POST]
[www.sport-spiegels.nl/de/index.html]
[www.sport-spiegels.nl/de/collections/all.atom]
[www.sport-spiegels.nl/de/collections/all4658.html]
[www.sport-spiegels.nl/de/collections/POST]
[www.sport-spiegels.nl/de/products/avw66-voetbalspiegel.html]
[www.sport-spiegels.nl/de/products/basketbal.html]
[www.sport-spiegels.nl/de/products/bloemen-spiegel-een-vleugje-natuur-aan-de-muur.html]
[www.sport-spiegels.nl/de/products/d-v-c-26-didam.html]
[www.sport-spiegels.nl/de/products/de-graafschap-veur-altied-voebalsjaalspiegel.html]
[www.sport-spiegels.nl/de/products/de-graafschap-voetbalspiegel-samen-dran.html]
[www.sport-spiegels.nl/de/products/volleybalspiegel-copy.html]
[www.sport-spiegels.nl/de/products/gunbarrel-reflectie-spiegel-stap-in-de-wereld-van-james-bond.html]
[www.sport-spiegels.nl/de/products/herfst-spiegel-een-warmhartige-reflectie-van-het-seizoen.html]
[www.sport-spiegels.nl/de/products/kersenbloesem-boom-spiegel-bloeiende-schoonheidpy.html]
[www.sport-spiegels.nl/de/products/kozakken-boys-trots-van-brabant-sinds-1932-voebalsjaalspiegel.html]
[www.sport-spiegels.nl/de/products/kozakken-boys-werkendam-aan-de-macht-voetbalspiegel.html]
[www.sport-spiegels.nl/de/products/lente-spiegel-een-vrolijke-reflectie-van-het-seizoen.html]
[www.sport-spiegels.nl/de/products/maan-kunstcirkel.html]
[www.sport-spiegels.nl/de/products/maan-spiegel-zie-jezelf-in-het-mysterie-van-de-maan.html]
[www.sport-spiegels.nl/de/products/mantra-spiegels-symmetrie-vrede-kunst.html]
[www.sport-spiegels.nl/de/products/moderne-decoratie-geometrische-spiegel.html]
[www.sport-spiegels.nl/de/products/moody-shapes-spiegel-een-hippe-groove.html]
[www.sport-spiegels.nl/de/products/de-graafschap-veur-altied-voebalsjaalspiegel-copy-copy.html]
[www.sport-spiegels.nl/de/collections/all.html]
[www.sport-spiegels.nl/de/products/sc-genemuiden-voetbalsjaalspiegel.html]
[www.sport-spiegels.nl/de/policies/POST]
[www.sport-spiegels.nl/de/policies/shipping-policy.html]
[www.sport-spiegels.nl/de/pages/POST]
[www.sport-spiegels.nl/de/pages/het-concept-doe-mee.html]
[www.sport-spiegels.nl/de/collections/voetbalspiegels.atom]
[www.sport-spiegels.nl/de/collections/voetbalspiegels.oembed]
[www.sport-spiegels.nl/de/products/viod-doetinchem-voetbalspiegel.html]
[www.sport-spiegels.nl/de/products/warnveldse-boys-hart-van-de-boys-voebalsjaalspiegel.html]
[www.sport-spiegels.nl/de/products/warnveldse-boys-hart-van-de-boys-voetbalspiegel.html]
[www.sport-spiegels.nl/de/products/voetbalspiegel.html]
[www.sport-spiegels.nl/de/collections/voetbalspiegels.html]
[www.sport-spiegels.nl/de/products/sportclub-genemuiden-voetbalspiegel-de-trots-van-het-oosten.html]
[www.sport-spiegels.nl/de/collections/motivatiespiegels.atom]
[www.sport-spiegels.nl/de/collections/motivatiespiegels.oembed]
[www.sport-spiegels.nl/de/products/your-only-limit-is-your-mind-motivatie-spiegel.html]
[www.sport-spiegels.nl/de/products/working-on-a-new-me-motivatie-spiegel.html]
[www.sport-spiegels.nl/de/products/you-know-that-you-want-to-pose-go-on-flex-💪-motivatie-spiegel.html]
[www.sport-spiegels.nl/de/collections/motivatiespiegels.html]
[www.sport-spiegels.nl/de/products/waste-no-time-arguing-what-a-good-man-should-be-be-one-motivatie-spiegel.html]
[www.sport-spiegels.nl/de/collections/kunstspiegels.atom]
[www.sport-spiegels.nl/de/collections/kunstspiegels.oembed]
[www.sport-spiegels.nl/de/products/volleybal.html]
[www.sport-spiegels.nl/de/products/wanted-poster-spiegel-zoek-jezelf-als-gezochte-bandiet.html]
[www.sport-spiegels.nl/de/products/winter-spiegel-een-koele-reflectie-van-het-seizoen.html]
[www.sport-spiegels.nl/de/products/ying-yang-spiegel-balans-en-reflectie-in-een.html]
[www.sport-spiegels.nl/de/collections/kunstspiegels.html]
[www.sport-spiegels.nl/de/products/zwart-gat-spiegel-reflectie-van-een-kleurrijk-universum.html]
[www.sport-spiegels.nl/de/collections/overige-sportspiegels.atom]
[www.sport-spiegels.nl/de/collections/overige-sportspiegels.oembed]
[www.sport-spiegels.nl/de/collections/overige-sportspiegels.html]
[www.sport-spiegels.nl/de/pages/contact.html]
[www.sport-spiegels.nl/de/cart.html]
[www.sport-spiegels.nl/de/products/aarde-kunstspiegel-onze-blauwe-parel.oembed]
[www.sport-spiegels.nl/de/products/POST]
[www.sport-spiegels.nl/de/products/aarde-kunstspiegel-onze-blauwe-parel.html]
[www.sport-spiegels.nl/de/products/achterhoekse-flag-spiegel.oembed]
[www.sport-spiegels.nl/de/products/achterhoekse-flag-spiegel.html]
[www.sport-spiegels.nl/de/products/astronaut-spiegel-zweef-in-de-ruimte.oembed]
[www.sport-spiegels.nl/de/products/astronaut-spiegel-zweef-in-de-ruimte.html]
[www.sport-spiegels.nl/de/products/avw66-trots-op-avw-voetbalsjaal.oembed]
[www.sport-spiegels.nl/de/products/avw66-trots-op-avw-voetbalsjaal.html]
[www.sport-spiegels.nl/de/policies/contact-information.html]
[www.sport-spiegels.nl/de/policies/privacy-policy.html]
[www.sport-spiegels.nl/de/policies/refund-policy.html]
[www.sport-spiegels.nl/de/policies/terms-of-service.html]
[www.sport-spiegels.nl/collections/all4658.html]
[www.sport-spiegels.nl/collections/POST.html]
[www.sport-spiegels.nl/cdn/shop/t/2/assets/component-collection-heroc0d2.css]
[www.sport-spiegels.nl/cdn/shop/t/2/assets/component-facets63e4.css]
[www.sport-spiegels.nl/cdn/shop/t/2/assets/component-show-more87b3.css]
[www.sport-spiegels.nl/cdn/shop/t/2/assets/component-swatch-input627e.css]
[www.sport-spiegels.nl/cdn/shop/t/2/assets/component-swatch0bed.css]
[www.sport-spiegels.nl/collections/all2679.html]
[www.sport-spiegels.nl/cdn/shop/files/DSC_11273d93.jpg]
[www.sport-spiegels.nl/products/avw66-voetbalspiegel.oembed]
[www.sport-spiegels.nl/cdn/shop/files/DSC_11273566.jpg]
[www.sport-spiegels.nl/cdn/shop/files/DSC_11363566.jpg]
[www.sport-spiegels.nl/cdn/shop/files/DSC_11272c4a.jpg]
[www.sport-spiegels.nl/cdn/shop/files/DSC_11362c4a.jpg]
[www.sport-spiegels.nl/cdn/shop/files/DSC_112715ff.jpg]
[www.sport-spiegels.nl/cdn/shop/files/DSC_113615ff.jpg]
[www.sport-spiegels.nl/products/avw66-voetbalspiegel.html]
[www.sport-spiegels.nl/cdn/shop/files/Basketbal3a63.png]
[www.sport-spiegels.nl/products/basketbal.oembed]
[www.sport-spiegels.nl/cdn/shop/files/Basketbal3ed6.png]
[www.sport-spiegels.nl/cdn/shop/files/Basketbal-23ed6.png]
[www.sport-spiegels.nl/cdn/shop/files/Basketbalb7f5.png]
[www.sport-spiegels.nl/cdn/shop/files/Basketbal-2b7f5.png]
[www.sport-spiegels.nl/cdn/shop/files/Basketbalba1c.png]
[www.sport-spiegels.nl/cdn/shop/files/Basketbal-2ba1c.png]
[www.sport-spiegels.nl/products/basketbal.html]
[www.sport-spiegels.nl/cdn/shop/files/Flower-circle_kunstspiegel-2eda8.png]
[www.sport-spiegels.nl/products/bloemen-spiegel-een-vleugje-natuur-aan-de-muur.oembed]
[www.sport-spiegels.nl/cdn/shop/files/Flower-circle_kunstspiegel-2c2cd.png]
[www.sport-spiegels.nl/cdn/shop/files/Flower-circle_kunstspiegel-3f26d.png]
[www.sport-spiegels.nl/cdn/shop/files/Flower-circle_kunstspiegel-15bea.png]
[www.sport-spiegels.nl/cdn/shop/files/Flower-circle_kunstspiegel-2c3b7.png]
[www.sport-spiegels.nl/cdn/shop/files/Flower-circle_kunstspiegel-3448d.png]
[www.sport-spiegels.nl/cdn/shop/files/Flower-circle_kunstspiegel-116f6.png]
[www.sport-spiegels.nl/cdn/shop/files/Flower-circle_kunstspiegel-29b48.png]
[www.sport-spiegels.nl/cdn/shop/files/Flower-circle_kunstspiegel-3ae5d.png]
[www.sport-spiegels.nl/cdn/shop/files/Flower-circle_kunstspiegel-15390.png]
[www.sport-spiegels.nl/products/bloemen-spiegel-een-vleugje-natuur-aan-de-muur.html]
[www.sport-spiegels.nl/cdn/shop/files/D.V.C._Didam_26_afbeelding_56efb.png]
[www.sport-spiegels.nl/products/d-v-c-26-didam.oembed]
[www.sport-spiegels.nl/cdn/shop/files/D.V.C._Didam_26_afbeelding_5bd3c.png]
[www.sport-spiegels.nl/cdn/shop/files/D.V.C._Didam_26_afbeelding_6bd3c.png]
[www.sport-spiegels.nl/cdn/shop/files/D.V.C._Didam_26_afbeelding_7bd3c.png]
[www.sport-spiegels.nl/cdn/shop/files/D.V.C._Didam_26_afbeelding_1bd3c.png]
[www.sport-spiegels.nl/cdn/shop/files/D.V.C._Didam_26_afbeelding_2bd3c.png]
[www.sport-spiegels.nl/cdn/shop/files/D.V.C._Didam_26_afbeelding_3bd3c.png]
[www.sport-spiegels.nl/cdn/shop/files/D.V.C._Didam_26_afbeelding_4bd3c.png]
[www.sport-spiegels.nl/cdn/shop/files/D.V.C._Didam_26_afbeelding_54853.png]
[www.sport-spiegels.nl/cdn/shop/files/D.V.C._Didam_26_afbeelding_64853.png]
[www.sport-spiegels.nl/cdn/shop/files/D.V.C._Didam_26_afbeelding_74853.png]
[www.sport-spiegels.nl/cdn/shop/files/D.V.C._Didam_26_afbeelding_14853.png]
[www.sport-spiegels.nl/cdn/shop/files/D.V.C._Didam_26_afbeelding_24853.png]
[www.sport-spiegels.nl/cdn/shop/files/D.V.C._Didam_26_afbeelding_34853.png]
[www.sport-spiegels.nl/cdn/shop/files/D.V.C._Didam_26_afbeelding_44853.png]
[www.sport-spiegels.nl/cdn/shop/files/D.V.C._Didam_26_afbeelding_5f8a4.png]
[www.sport-spiegels.nl/cdn/shop/files/D.V.C._Didam_26_afbeelding_6f8a4.png]
[www.sport-spiegels.nl/cdn/shop/files/D.V.C._Didam_26_afbeelding_7f8a4.png]
[www.sport-spiegels.nl/cdn/shop/files/D.V.C._Didam_26_afbeelding_1f8a4.png]
[www.sport-spiegels.nl/cdn/shop/files/D.V.C._Didam_26_afbeelding_2f8a4.png]
[www.sport-spiegels.nl/cdn/shop/files/D.V.C._Didam_26_afbeelding_3f8a4.png]
[www.sport-spiegels.nl/cdn/shop/files/D.V.C._Didam_26_afbeelding_4f8a4.png]
[www.sport-spiegels.nl/products/d-v-c-26-didam.html]
[www.sport-spiegels.nl/cdn/shop/files/VoebalsjaalGraafschap-1a056.png]
[www.sport-spiegels.nl/products/de-graafschap-veur-altied-voebalsjaalspiegel.oembed]
[www.sport-spiegels.nl/cdn/shop/files/VoebalsjaalGraafschap-1e4df.png]
[www.sport-spiegels.nl/cdn/shop/files/VoebalsjaalGraafschap-2e4df.png]
[www.sport-spiegels.nl/cdn/shop/files/VoebalsjaalGraafschap-3e4df.png]
[www.sport-spiegels.nl/cdn/shop/files/VoebalsjaalGraafschap-4351e.png]
[www.sport-spiegels.nl/cdn/shop/files/VoebalsjaalGraafschap-5e4df.png]
[www.sport-spiegels.nl/cdn/shop/files/VoebalsjaalGraafschap-108e1.png]
[www.sport-spiegels.nl/cdn/shop/files/VoebalsjaalGraafschap-208e1.png]
[www.sport-spiegels.nl/cdn/shop/files/VoebalsjaalGraafschap-308e1.png]
[www.sport-spiegels.nl/cdn/shop/files/VoebalsjaalGraafschap-41076.png]
[www.sport-spiegels.nl/cdn/shop/files/VoebalsjaalGraafschap-508e1.png]
[www.sport-spiegels.nl/cdn/shop/files/VoebalsjaalGraafschap-15186.png]
[www.sport-spiegels.nl/cdn/shop/files/VoebalsjaalGraafschap-25186.png]
[www.sport-spiegels.nl/cdn/shop/files/VoebalsjaalGraafschap-35186.png]
[www.sport-spiegels.nl/cdn/shop/files/VoebalsjaalGraafschap-49a03.png]
[www.sport-spiegels.nl/cdn/shop/files/VoebalsjaalGraafschap-55186.png]
[www.sport-spiegels.nl/products/de-graafschap-veur-altied-voebalsjaalspiegel.html]
[www.sport-spiegels.nl/cdn/shop/files/Graafshap_afbeelding_274a2.png]
[www.sport-spiegels.nl/products/de-graafschap-voetbalspiegel-samen-dran.oembed]
[www.sport-spiegels.nl/cdn/shop/files/Graafshap_afbeelding_2d5a5.png]
[www.sport-spiegels.nl/cdn/shop/files/Graafshap_afbeelding_1fcb6.png]
[www.sport-spiegels.nl/cdn/shop/files/De-Graafschap-Foto2V2-2048x1297a40d.jpg]
[www.sport-spiegels.nl/cdn/shop/files/De-Graafschap-Voetbalspiegel-2048x129773ba.png]
[www.sport-spiegels.nl/cdn/shop/files/Graafshap_afbeelding_2b2bc.png]
[www.sport-spiegels.nl/cdn/shop/files/Graafshap_afbeelding_15893.png]
[www.sport-spiegels.nl/cdn/shop/files/De-Graafschap-Foto2V2-2048x1297075f.jpg]
[www.sport-spiegels.nl/cdn/shop/files/De-Graafschap-Voetbalspiegel-2048x1297481e.png]
[www.sport-spiegels.nl/cdn/shop/files/Graafshap_afbeelding_21bca.png]
[www.sport-spiegels.nl/cdn/shop/files/Graafshap_afbeelding_12d76.png]
[www.sport-spiegels.nl/cdn/shop/files/De-Graafschap-Foto2V2-2048x1297734f.jpg]
[www.sport-spiegels.nl/cdn/shop/files/De-Graafschap-Voetbalspiegel-2048x1297f581.png]
[www.sport-spiegels.nl/products/de-graafschap-voetbalspiegel-samen-dran.html]
[www.sport-spiegels.nl/cdn/shop/files/DO_IT_motivatie_spiegel-2d3f3.png]
[www.sport-spiegels.nl/products/volleybalspiegel-copy.oembed]
[www.sport-spiegels.nl/cdn/shop/files/DO_IT_motivatie_spiegel-26824.png]
[www.sport-spiegels.nl/cdn/shop/files/DO_IT_motivatie_spiegel-16824.png]
[www.sport-spiegels.nl/cdn/shop/files/DO_IT_motivatie_spiegel-29329.png]
[www.sport-spiegels.nl/cdn/shop/files/DO_IT_motivatie_spiegel-19329.png]
[www.sport-spiegels.nl/cdn/shop/files/DO_IT_motivatie_spiegel-287a9.png]
[www.sport-spiegels.nl/cdn/shop/files/DO_IT_motivatie_spiegel-187a9.png]
[www.sport-spiegels.nl/products/volleybalspiegel-copy.html]
[www.sport-spiegels.nl/cdn/shop/files/007-gunbarrel-27639.png]
[www.sport-spiegels.nl/products/gunbarrel-reflectie-spiegel-stap-in-de-wereld-van-james-bond.oembed]
[www.sport-spiegels.nl/cdn/shop/files/007-gunbarrel-280f2.png]
[www.sport-spiegels.nl/cdn/shop/files/007-gunbarrel-12021.png]
[www.sport-spiegels.nl/cdn/shop/files/007-gunbarrel-29980.png]
[www.sport-spiegels.nl/cdn/shop/files/007-gunbarrel-19a15.png]
[www.sport-spiegels.nl/cdn/shop/files/007-gunbarrel-24f33.png]
[www.sport-spiegels.nl/cdn/shop/files/007-gunbarrel-16b92.png]
[www.sport-spiegels.nl/products/gunbarrel-reflectie-spiegel-stap-in-de-wereld-van-james-bond.html]
[www.sport-spiegels.nl/cdn/shop/files/Herfst_kunstspiegel-273ea.png]
[www.sport-spiegels.nl/products/herfst-spiegel-een-warmhartige-reflectie-van-het-seizoen.oembed]
[www.sport-spiegels.nl/cdn/shop/files/Herfst_kunstspiegel-2ec9f.png]
[www.sport-spiegels.nl/cdn/shop/files/Herfst_kunstspiegel-3ec9f.png]
[www.sport-spiegels.nl/cdn/shop/files/Herfst_kunstspiegel-1cf19.png]
[www.sport-spiegels.nl/cdn/shop/files/Herfst_kunstspiegel-2d9de.png]
[www.sport-spiegels.nl/cdn/shop/files/Herfst_kunstspiegel-3d9de.png]
[www.sport-spiegels.nl/cdn/shop/files/Herfst_kunstspiegel-1d829.png]
[www.sport-spiegels.nl/cdn/shop/files/Herfst_kunstspiegel-240c6.png]
[www.sport-spiegels.nl/cdn/shop/files/Herfst_kunstspiegel-340c6.png]
[www.sport-spiegels.nl/cdn/shop/files/Herfst_kunstspiegel-1629c.png]
[www.sport-spiegels.nl/products/herfst-spiegel-een-warmhartige-reflectie-van-het-seizoen.html]
[www.sport-spiegels.nl/cdn/shop/files/Pink_peach_tree_leaves-25489.png]
[www.sport-spiegels.nl/products/kersenbloesem-boom-spiegel-bloeiende-schoonheidpy.oembed]
[www.sport-spiegels.nl/cdn/shop/files/Pink_peach_tree_leaves-2de0d.png]
[www.sport-spiegels.nl/cdn/shop/files/Pink_peach_tree_leaves-1f3ba.png]
[www.sport-spiegels.nl/cdn/shop/files/Pink_peach_tree_leaves-2f3a7.png]
[www.sport-spiegels.nl/cdn/shop/files/Pink_peach_tree_leaves-1b8c5.png]
[www.sport-spiegels.nl/cdn/shop/files/Pink_peach_tree_leaves-22078.png]
[www.sport-spiegels.nl/cdn/shop/files/Pink_peach_tree_leaves-1b56a.png]
[www.sport-spiegels.nl/products/kersenbloesem-boom-spiegel-bloeiende-schoonheidpy.html]
[www.sport-spiegels.nl/cdn/shop/files/VoetbalsjaalKozakkenboys-46e5c.png]
[www.sport-spiegels.nl/products/kozakken-boys-trots-van-brabant-sinds-1932-voebalsjaalspiegel.oembed]
[www.sport-spiegels.nl/cdn/shop/files/VoetbalsjaalKozakkenboys-4774e.png]
[www.sport-spiegels.nl/cdn/shop/files/VoetbalsjaalKozakkenboys-3774e.png]
[www.sport-spiegels.nl/cdn/shop/files/VoetbalsjaalKozakkenboys-2774e.png]
[www.sport-spiegels.nl/cdn/shop/files/VoetbalsjaalKozakkenboys-1774e.png]
[www.sport-spiegels.nl/cdn/shop/files/VoetbalsjaalKozakkenboys-489b8.png]
[www.sport-spiegels.nl/cdn/shop/files/VoetbalsjaalKozakkenboys-389b8.png]
[www.sport-spiegels.nl/cdn/shop/files/VoetbalsjaalKozakkenboys-289b8.png]
[www.sport-spiegels.nl/cdn/shop/files/VoetbalsjaalKozakkenboys-189b8.png]
[www.sport-spiegels.nl/cdn/shop/files/VoetbalsjaalKozakkenboys-44d68.png]
[www.sport-spiegels.nl/cdn/shop/files/VoetbalsjaalKozakkenboys-34d68.png]
[www.sport-spiegels.nl/cdn/shop/files/VoetbalsjaalKozakkenboys-24d68.png]
[www.sport-spiegels.nl/cdn/shop/files/VoetbalsjaalKozakkenboys-14d68.png]
[www.sport-spiegels.nl/products/kozakken-boys-trots-van-brabant-sinds-1932-voebalsjaalspiegel.html]
[www.sport-spiegels.nl/cdn/shop/files/VoetbalspiegelKozakkenBoys-1c0ba.png]
[www.sport-spiegels.nl/products/kozakken-boys-werkendam-aan-de-macht-voetbalspiegel.oembed]
[www.sport-spiegels.nl/cdn/shop/files/VoetbalspiegelKozakkenBoys-147c3.png]
[www.sport-spiegels.nl/cdn/shop/files/Voetbalspiegel_KozakkenBoys-293a5.png]
[www.sport-spiegels.nl/cdn/shop/files/Voetbalspiegel_KozakkenBoys-312c2.png]
[www.sport-spiegels.nl/cdn/shop/files/VoetbalspiegelKozakkenBoys-1388d.png]
[www.sport-spiegels.nl/cdn/shop/files/Voetbalspiegel_KozakkenBoys-2f2cd.png]
[www.sport-spiegels.nl/cdn/shop/files/Voetbalspiegel_KozakkenBoys-3582c.png]
[www.sport-spiegels.nl/cdn/shop/files/VoetbalspiegelKozakkenBoys-153ff.png]
[www.sport-spiegels.nl/cdn/shop/files/Voetbalspiegel_KozakkenBoys-2bcbb.png]
[www.sport-spiegels.nl/cdn/shop/files/Voetbalspiegel_KozakkenBoys-393cd.png]
[www.sport-spiegels.nl/products/kozakken-boys-werkendam-aan-de-macht-voetbalspiegel.html]
[www.sport-spiegels.nl/cdn/shop/files/Lente_kunstspiegel-2291c.png]
[www.sport-spiegels.nl/products/lente-spiegel-een-vrolijke-reflectie-van-het-seizoen.oembed]
[www.sport-spiegels.nl/cdn/shop/files/Lente_kunstspiegel-26897.png]
[www.sport-spiegels.nl/cdn/shop/files/Lente_kunstspiegel-3f3ba.png]
[www.sport-spiegels.nl/cdn/shop/files/Lente_kunstspiegel-1cf19.png]
[www.sport-spiegels.nl/cdn/shop/files/Lente_kunstspiegel-299c1.png]
[www.sport-spiegels.nl/cdn/shop/files/Lente_kunstspiegel-3b8c5.png]
[www.sport-spiegels.nl/cdn/shop/files/Lente_kunstspiegel-1d829.png]
[www.sport-spiegels.nl/cdn/shop/files/Lente_kunstspiegel-2333d.png]
[www.sport-spiegels.nl/cdn/shop/files/Lente_kunstspiegel-3b56a.png]
[www.sport-spiegels.nl/cdn/shop/files/Lente_kunstspiegel-1629c.png]
[www.sport-spiegels.nl/products/lente-spiegel-een-vrolijke-reflectie-van-het-seizoen.html]
[www.sport-spiegels.nl/cdn/shop/files/Maankunstcirkel350mmdiameter-1982d.png]
[www.sport-spiegels.nl/products/maan-kunstcirkel.oembed]
[www.sport-spiegels.nl/cdn/shop/files/Maankunstcirkel350mmdiameter-16f62.png]
[www.sport-spiegels.nl/cdn/shop/files/Maankunstcirkel350mmdiameter-262ac.png]
[www.sport-spiegels.nl/cdn/shop/files/Maankunstcirkel350mmdiameter-1bfac.png]
[www.sport-spiegels.nl/cdn/shop/files/Maankunstcirkel350mmdiameter-27731.png]
[www.sport-spiegels.nl/cdn/shop/files/Maankunstcirkel350mmdiameter-169a6.png]
[www.sport-spiegels.nl/cdn/shop/files/Maankunstcirkel350mmdiameter-24348.png]
[www.sport-spiegels.nl/products/maan-kunstcirkel.html]
[www.sport-spiegels.nl/cdn/shop/files/Maan_Kunstspiegel-373ea.png]
[www.sport-spiegels.nl/products/maan-spiegel-zie-jezelf-in-het-mysterie-van-de-maan.oembed]
[www.sport-spiegels.nl/cdn/shop/files/Maan_Kunstspiegel-3ec9f.png]
[www.sport-spiegels.nl/cdn/shop/files/Maan_Kunstspiegel-4de0d.png]
[www.sport-spiegels.nl/cdn/shop/files/Maan_Kunstspiegel-1de0d.png]
[www.sport-spiegels.nl/cdn/shop/files/Maan_Kunstspiegel-5ed18.png]
[www.sport-spiegels.nl/cdn/shop/files/Maan_Kunstspiegel-3d9de.png]
[www.sport-spiegels.nl/cdn/shop/files/Maan_Kunstspiegel-4f3a7.png]
[www.sport-spiegels.nl/cdn/shop/files/Maan_Kunstspiegel-1f3a7.png]
[www.sport-spiegels.nl/cdn/shop/files/Maan_Kunstspiegel-5be63.png]
[www.sport-spiegels.nl/cdn/shop/files/Maan_Kunstspiegel-340c6.png]
[www.sport-spiegels.nl/cdn/shop/files/Maan_Kunstspiegel-42078.png]
[www.sport-spiegels.nl/cdn/shop/files/Maan_Kunstspiegel-12078.png]
[www.sport-spiegels.nl/cdn/shop/files/Maan_Kunstspiegel-58367.png]
[www.sport-spiegels.nl/products/maan-spiegel-zie-jezelf-in-het-mysterie-van-de-maan.html]
[www.sport-spiegels.nl/cdn/shop/files/Mantra-rood-paars-kunstspiegel-36833.png]
[www.sport-spiegels.nl/products/mantra-spiegels-symmetrie-vrede-kunst.oembed]
[www.sport-spiegels.nl/cdn/shop/files/Mantra-rood-paars-kunstspiegel-2f3ba.png]
[www.sport-spiegels.nl/cdn/shop/files/Mantra-rood-paars-kunstspiegel-31ec2.png]
[www.sport-spiegels.nl/cdn/shop/files/Mantra-rood-paars-kunstspiegel-1de0d.png]
[www.sport-spiegels.nl/cdn/shop/files/Mantra-wit-kunstspiegel-15bea.png]
[www.sport-spiegels.nl/cdn/shop/files/Mantra-blauw-paars-kunstspiegel-30991.png]
[www.sport-spiegels.nl/cdn/shop/files/Mantra-blauw-paars-kunstspiegel-15bea.png]
[www.sport-spiegels.nl/cdn/shop/files/Mantra-rood-paars-kunstspiegel-2b8c5.png]
[www.sport-spiegels.nl/cdn/shop/files/Mantra-rood-paars-kunstspiegel-39908.png]
[www.sport-spiegels.nl/cdn/shop/files/Mantra-rood-paars-kunstspiegel-1f3a7.png]
[www.sport-spiegels.nl/cdn/shop/files/Mantra-wit-kunstspiegel-29980.png]
[www.sport-spiegels.nl/cdn/shop/files/Mantra-wit-kunstspiegel-116f6.png]
[www.sport-spiegels.nl/cdn/shop/files/Mantra-blauw-paars-kunstspiegel-3b32a.png]
[www.sport-spiegels.nl/cdn/shop/files/Mantra-blauw-paars-kunstspiegel-2be63.png]
[www.sport-spiegels.nl/cdn/shop/files/Mantra-blauw-paars-kunstspiegel-116f6.png]
[www.sport-spiegels.nl/cdn/shop/files/Mantra-rood-paars-kunstspiegel-2b56a.png]
[www.sport-spiegels.nl/cdn/shop/files/Mantra-rood-paars-kunstspiegel-3e7cb.png]
[www.sport-spiegels.nl/cdn/shop/files/Mantra-rood-paars-kunstspiegel-12078.png]
[www.sport-spiegels.nl/cdn/shop/files/Mantra-wit-kunstspiegel-24f33.png]
[www.sport-spiegels.nl/cdn/shop/files/Mantra-wit-kunstspiegel-15390.png]
[www.sport-spiegels.nl/cdn/shop/files/Mantra-blauw-paars-kunstspiegel-37cab.png]
[www.sport-spiegels.nl/cdn/shop/files/Mantra-blauw-paars-kunstspiegel-28367.png]
[www.sport-spiegels.nl/cdn/shop/files/Mantra-blauw-paars-kunstspiegel-15390.png]
[www.sport-spiegels.nl/products/mantra-spiegels-symmetrie-vrede-kunst.html]
[www.sport-spiegels.nl/cdn/shop/files/Striped-shapes-373ea.png]
[www.sport-spiegels.nl/products/moderne-decoratie-geometrische-spiegel.oembed]
[www.sport-spiegels.nl/cdn/shop/files/Striped-shapes-3ec9f.png]
[www.sport-spiegels.nl/cdn/shop/files/Striped-shapes-2342b.png]
[www.sport-spiegels.nl/cdn/shop/files/Striped-shapes-3d9de.png]
[www.sport-spiegels.nl/cdn/shop/files/Striped-shapes-2d486.png]
[www.sport-spiegels.nl/cdn/shop/files/Striped-shapes-340c6.png]
[www.sport-spiegels.nl/cdn/shop/files/Striped-shapes-23db1.png]
[www.sport-spiegels.nl/products/moderne-decoratie-geometrische-spiegel.html]
[www.sport-spiegels.nl/cdn/shop/files/Moody-shapes-stars-341ef.png]
[www.sport-spiegels.nl/products/moody-shapes-spiegel-een-hippe-groove.oembed]
[www.sport-spiegels.nl/cdn/shop/files/Moody-shapes-stars-3396b.png]
[www.sport-spiegels.nl/cdn/shop/files/Moody-shapes-25bea.png]
[www.sport-spiegels.nl/cdn/shop/files/Moody-shapes-1396b.png]
[www.sport-spiegels.nl/cdn/shop/files/Moody-shapes-stars-39112.png]
[www.sport-spiegels.nl/cdn/shop/files/Moody-shapes-216f6.png]
[www.sport-spiegels.nl/cdn/shop/files/Moody-shapes-19112.png]
[www.sport-spiegels.nl/cdn/shop/files/Moody-shapes-stars-3fc71.png]
[www.sport-spiegels.nl/cdn/shop/files/Moody-shapes-25390.png]
[www.sport-spiegels.nl/cdn/shop/files/Moody-shapes-1fc71.png]
[www.sport-spiegels.nl/products/moody-shapes-spiegel-een-hippe-groove.html]
[www.sport-spiegels.nl/cdn/shop/files/Plutosportspiegel400x300-36102.png]
[www.sport-spiegels.nl/products/de-graafschap-veur-altied-voebalsjaalspiegel-copy-copy.oembed]
[www.sport-spiegels.nl/cdn/shop/files/Plutosportspiegel400x300-3a17b.png]
[www.sport-spiegels.nl/cdn/shop/files/Plutosportspiegel400x300-2a17b.png]
[www.sport-spiegels.nl/cdn/shop/files/Plutosportspiegel400x300d504.png]
[www.sport-spiegels.nl/cdn/shop/files/Plutosportspiegel400x300-318c3.png]
[www.sport-spiegels.nl/cdn/shop/files/Plutosportspiegel400x300-218c3.png]
[www.sport-spiegels.nl/cdn/shop/files/Plutosportspiegel400x3008dc7.png]
[www.sport-spiegels.nl/cdn/shop/files/Plutosportspiegel400x300-3365c.png]
[www.sport-spiegels.nl/cdn/shop/files/Plutosportspiegel400x300-2365c.png]
[www.sport-spiegels.nl/cdn/shop/files/Plutosportspiegel400x3001754.png]
[www.sport-spiegels.nl/products/de-graafschap-veur-altied-voebalsjaalspiegel-copy-copy.html]
[www.sport-spiegels.nl/cdn/shop/files/VoetbalsjaalSC-Genemuiden-1a056.png]
[www.sport-spiegels.nl/products/sc-genemuiden-voetbalsjaalspiegel.oembed]
[www.sport-spiegels.nl/cdn/shop/files/VoetbalsjaalSC-Genemuiden-1e4df.png]
[www.sport-spiegels.nl/cdn/shop/files/VoetbalsjaalSC-Genemuiden-2e4df.png]
[www.sport-spiegels.nl/cdn/shop/files/VoetbalsjaalSC-Genemuiden-313fb.png]
[www.sport-spiegels.nl/cdn/shop/files/VoetbalsjaalSC-Genemuiden-5e4df.png]
[www.sport-spiegels.nl/cdn/shop/files/VoetbalsjaalSC-Genemuiden-4e4df.png]
[www.sport-spiegels.nl/cdn/shop/files/VoetbalsjaalSC-Genemuiden-6351e.png]
[www.sport-spiegels.nl/cdn/shop/files/VoetbalsjaalSC-Genemuiden-108e1.png]
[www.sport-spiegels.nl/cdn/shop/files/VoetbalsjaalSC-Genemuiden-208e1.png]
[www.sport-spiegels.nl/cdn/shop/files/VoetbalsjaalSC-Genemuiden-3e0fc.png]
[www.sport-spiegels.nl/cdn/shop/files/VoetbalsjaalSC-Genemuiden-508e1.png]
[www.sport-spiegels.nl/cdn/shop/files/VoetbalsjaalSC-Genemuiden-408e1.png]
[www.sport-spiegels.nl/cdn/shop/files/VoetbalsjaalSC-Genemuiden-61076.png]
[www.sport-spiegels.nl/cdn/shop/files/VoetbalsjaalSC-Genemuiden-15186.png]
[www.sport-spiegels.nl/cdn/shop/files/VoetbalsjaalSC-Genemuiden-25186.png]
[www.sport-spiegels.nl/cdn/shop/files/VoetbalsjaalSC-Genemuiden-3288c.png]
[www.sport-spiegels.nl/cdn/shop/files/VoetbalsjaalSC-Genemuiden-55186.png]
[www.sport-spiegels.nl/cdn/shop/files/VoetbalsjaalSC-Genemuiden-45186.png]
[www.sport-spiegels.nl/cdn/shop/files/VoetbalsjaalSC-Genemuiden-69a03.png]
[www.sport-spiegels.nl/products/sc-genemuiden-voetbalsjaalspiegel.html]
[www.sport-spiegels.nl/cdn/shop/t/2/assets/component-pagination18c9.css]
[www.sport-spiegels.nl/cdn/shopifycloud/storefront/assets/storefront/policy-0e156355.css]
[www.sport-spiegels.nl/policies/POST.html]
[www.sport-spiegels.nl/pages/POST.html]
[www.sport-spiegels.nl/cdn/shop/t/2/assets/section-main-pagec260.css]
[www.sport-spiegels.nl/cdn/shop/files/Viod_Doetinchem_afbeelding-10bf0.png]
[www.sport-spiegels.nl/products/viod-doetinchem-voetbalspiegel.oembed]
[www.sport-spiegels.nl/cdn/shop/files/Viod_Doetinchem_afbeelding-1cce6.png]
[www.sport-spiegels.nl/cdn/shop/files/Viod_Doetinchem_afbeelding-22109.png]
[www.sport-spiegels.nl/cdn/shop/files/Viod_Doetinchem_afbeelding-42109.png]
[www.sport-spiegels.nl/cdn/shop/files/Viod_Doetinchem_afbeelding-52109.png]
[www.sport-spiegels.nl/cdn/shop/files/Viod_Doetinchem_afbeelding-3d5fe.png]
[www.sport-spiegels.nl/cdn/shop/files/Viod_Doetinchem_afbeelding-18c87.png]
[www.sport-spiegels.nl/cdn/shop/files/Viod_Doetinchem_afbeelding-267fb.png]
[www.sport-spiegels.nl/cdn/shop/files/Viod_Doetinchem_afbeelding-467fb.png]
[www.sport-spiegels.nl/cdn/shop/files/Viod_Doetinchem_afbeelding-567fb.png]
[www.sport-spiegels.nl/cdn/shop/files/Viod_Doetinchem_afbeelding-3a24a.png]
[www.sport-spiegels.nl/cdn/shop/files/Viod_Doetinchem_afbeelding-10c56.png]
[www.sport-spiegels.nl/cdn/shop/files/Viod_Doetinchem_afbeelding-2e389.png]
[www.sport-spiegels.nl/cdn/shop/files/Viod_Doetinchem_afbeelding-4e389.png]
[www.sport-spiegels.nl/cdn/shop/files/Viod_Doetinchem_afbeelding-5e389.png]
[www.sport-spiegels.nl/cdn/shop/files/Viod_Doetinchem_afbeelding-32969.png]
[www.sport-spiegels.nl/products/viod-doetinchem-voetbalspiegel.html]
[www.sport-spiegels.nl/cdn/shop/files/VoetbalsjaalWarnveldseboys-5af76.png]
[www.sport-spiegels.nl/products/warnveldse-boys-hart-van-de-boys-voebalsjaalspiegel.oembed]
[www.sport-spiegels.nl/cdn/shop/files/VoetbalsjaalWarnveldseboys-5281e.png]
[www.sport-spiegels.nl/cdn/shop/files/VoetbalsjaalWarnveldseboys-4281e.png]
[www.sport-spiegels.nl/cdn/shop/files/VoetbalsjaalWarnveldseboys-3281e.png]
[www.sport-spiegels.nl/cdn/shop/files/VoetbalsjaalWarnveldseboys-1281e.png]
[www.sport-spiegels.nl/cdn/shop/files/VoetbalsjaalWarnveldseboys-2281e.png]
[www.sport-spiegels.nl/cdn/shop/files/VoetbalsjaalWarnveldseboys-5f7bb.png]
[www.sport-spiegels.nl/cdn/shop/files/VoetbalsjaalWarnveldseboys-4f7bb.png]
[www.sport-spiegels.nl/cdn/shop/files/VoetbalsjaalWarnveldseboys-3f7bb.png]
[www.sport-spiegels.nl/cdn/shop/files/VoetbalsjaalWarnveldseboys-1f7bb.png]
[www.sport-spiegels.nl/cdn/shop/files/VoetbalsjaalWarnveldseboys-2f7bb.png]
[www.sport-spiegels.nl/cdn/shop/files/VoetbalsjaalWarnveldseboys-58e18.png]
[www.sport-spiegels.nl/cdn/shop/files/VoetbalsjaalWarnveldseboys-48e18.png]
[www.sport-spiegels.nl/cdn/shop/files/VoetbalsjaalWarnveldseboys-38e18.png]
[www.sport-spiegels.nl/cdn/shop/files/VoetbalsjaalWarnveldseboys-18e18.png]
[www.sport-spiegels.nl/cdn/shop/files/VoetbalsjaalWarnveldseboys-28e18.png]
[www.sport-spiegels.nl/products/warnveldse-boys-hart-van-de-boys-voebalsjaalspiegel.html]
[www.sport-spiegels.nl/cdn/shop/files/VoetbalspiegelWarnveldseBoys-35a96.png]
[www.sport-spiegels.nl/products/warnveldse-boys-hart-van-de-boys-voetbalspiegel.oembed]
[www.sport-spiegels.nl/cdn/shop/files/VoetbalspiegelWarnveldseBoys-31757.png]
[www.sport-spiegels.nl/cdn/shop/files/VoetbalspiegelWarnveldseBoys-41757.png]
[www.sport-spiegels.nl/cdn/shop/files/VoetbalspiegelWarnveldseBoys-21757.png]
[www.sport-spiegels.nl/cdn/shop/files/VoetbalspiegelWarnveldseBoys-11757.png]
[www.sport-spiegels.nl/cdn/shop/files/VoetbalspiegelWarnveldseBoys-3690b.png]
[www.sport-spiegels.nl/cdn/shop/files/VoetbalspiegelWarnveldseBoys-4690b.png]
[www.sport-spiegels.nl/cdn/shop/files/VoetbalspiegelWarnveldseBoys-2690b.png]
[www.sport-spiegels.nl/cdn/shop/files/VoetbalspiegelWarnveldseBoys-1690b.png]
[www.sport-spiegels.nl/cdn/shop/files/VoetbalspiegelWarnveldseBoys-33e9d.png]
[www.sport-spiegels.nl/cdn/shop/files/VoetbalspiegelWarnveldseBoys-43e9d.png]
[www.sport-spiegels.nl/cdn/shop/files/VoetbalspiegelWarnveldseBoys-23e9d.png]
[www.sport-spiegels.nl/cdn/shop/files/VoetbalspiegelWarnveldseBoys-13e9d.png]
[www.sport-spiegels.nl/products/warnveldse-boys-hart-van-de-boys-voetbalspiegel.html]
[www.sport-spiegels.nl/cdn/shop/files/Voetbal_kunstspiegel-136b9.png]
[www.sport-spiegels.nl/products/voetbalspiegel.oembed]
[www.sport-spiegels.nl/cdn/shop/files/Voetbal_kunstspiegel-15175.png]
[www.sport-spiegels.nl/cdn/shop/files/Voetbal_kunstspiegel-26ffa.png]
[www.sport-spiegels.nl/cdn/shop/files/Voetbal_kunstspiegel-15f19.png]
[www.sport-spiegels.nl/cdn/shop/files/Voetbal_kunstspiegel-25dc0.png]
[www.sport-spiegels.nl/cdn/shop/files/Voetbal_kunstspiegel-17463.png]
[www.sport-spiegels.nl/cdn/shop/files/Voetbal_kunstspiegel-21eed.png]
[www.sport-spiegels.nl/products/voetbalspiegel.html]
[www.sport-spiegels.nl/cdn/shop/files/SP-Genemuiden-1210a.png]
[www.sport-spiegels.nl/products/sportclub-genemuiden-voetbalspiegel-de-trots-van-het-oosten.oembed]
[www.sport-spiegels.nl/cdn/shop/files/SP-Genemuiden-1cf19.png]
[www.sport-spiegels.nl/cdn/shop/files/SP-Genemuiden-2085f.png]
[www.sport-spiegels.nl/cdn/shop/files/SP-Genemuiden-1d829.png]
[www.sport-spiegels.nl/cdn/shop/files/SP-Genemuiden-2374b.png]
[www.sport-spiegels.nl/cdn/shop/files/SP-Genemuiden-1629c.png]
[www.sport-spiegels.nl/cdn/shop/files/SP-Genemuiden-24e1c.png]
[www.sport-spiegels.nl/products/sportclub-genemuiden-voetbalspiegel-de-trots-van-het-oosten.html]
[www.sport-spiegels.nl/cdn/shop/files/Youronlylimitisyourmindmotivatiespiegel-3c5c2.png]
[www.sport-spiegels.nl/products/your-only-limit-is-your-mind-motivatie-spiegel.oembed]
[www.sport-spiegels.nl/cdn/shop/files/Youronlylimitisyourmindmotivatiespiegel-300a5.png]
[www.sport-spiegels.nl/cdn/shop/files/Youronlylimitisyourmindmotivatiespiegel-200a5.png]
[www.sport-spiegels.nl/cdn/shop/files/Youronlylimitisyourmindmotivatiespiegel-3f5bb.png]
[www.sport-spiegels.nl/cdn/shop/files/Youronlylimitisyourmindmotivatiespiegel-2f5bb.png]
[www.sport-spiegels.nl/cdn/shop/files/Youronlylimitisyourmindmotivatiespiegel-314a0.png]
[www.sport-spiegels.nl/cdn/shop/files/Youronlylimitisyourmindmotivatiespiegel-214a0.png]
[www.sport-spiegels.nl/products/your-only-limit-is-your-mind-motivatie-spiegel.html]
[www.sport-spiegels.nl/cdn/shop/files/Workingonanewmemotivatiespiegel-2609b.png]
[www.sport-spiegels.nl/products/working-on-a-new-me-motivatie-spiegel.oembed]
[www.sport-spiegels.nl/cdn/shop/files/Workingonanewmemotivatiespiegel-2833a.png]
[www.sport-spiegels.nl/cdn/shop/files/Workingonanewmemotivatiespiegel-1833a.png]
[www.sport-spiegels.nl/cdn/shop/files/Workingonanewmemotivatiespiegel-250fe.png]
[www.sport-spiegels.nl/cdn/shop/files/Workingonanewmemotivatiespiegel-150fe.png]
[www.sport-spiegels.nl/cdn/shop/files/Workingonanewmemotivatiespiegel-29e2e.png]
[www.sport-spiegels.nl/cdn/shop/files/Workingonanewmemotivatiespiegel-19e2e.png]
[www.sport-spiegels.nl/products/working-on-a-new-me-motivatie-spiegel.html]
[www.sport-spiegels.nl/cdn/shop/files/GoonFLEXMotivatiespiegel-1a776.png]
[www.sport-spiegels.nl/products/you-know-that-you-want-to-pose-go-on-flex-💪-motivatie-spiegel.oembed]
[www.sport-spiegels.nl/cdn/shop/files/GoonFLEXMotivatiespiegel-197bb.png]
[www.sport-spiegels.nl/cdn/shop/files/GoonFLEXMotivatiespiegel-10228.png]
[www.sport-spiegels.nl/products/you-know-that-you-want-to-pose-go-on-flex-💪-motivatie-spiegel.html]
[www.sport-spiegels.nl/cdn/shop/files/Be_one_motivatie_spiegel-25be1.png]
[www.sport-spiegels.nl/products/waste-no-time-arguing-what-a-good-man-should-be-be-one-motivatie-spiegel.oembed]
[www.sport-spiegels.nl/cdn/shop/files/Be_one_motivatie_spiegel-2fe63.png]
[www.sport-spiegels.nl/cdn/shop/files/Be_one_motivatie_spiegel-1a797.png]
[www.sport-spiegels.nl/cdn/shop/files/Be_one_motivatie_spiegel-46a73.png]
[www.sport-spiegels.nl/cdn/shop/files/Be_one_motivatie_spiegel-36a73.png]
[www.sport-spiegels.nl/cdn/shop/files/Be_one_motivatie_spiegel-2bc34.png]
[www.sport-spiegels.nl/cdn/shop/files/Be_one_motivatie_spiegel-1c722.png]
[www.sport-spiegels.nl/cdn/shop/files/Be_one_motivatie_spiegel-43181.png]
[www.sport-spiegels.nl/cdn/shop/files/Be_one_motivatie_spiegel-33181.png]
[www.sport-spiegels.nl/cdn/shop/files/Be_one_motivatie_spiegel-206c4.png]
[www.sport-spiegels.nl/cdn/shop/files/Be_one_motivatie_spiegel-1b3d3.png]
[www.sport-spiegels.nl/cdn/shop/files/Be_one_motivatie_spiegel-4f8bf.png]
[www.sport-spiegels.nl/cdn/shop/files/Be_one_motivatie_spiegel-3f8bf.png]
[www.sport-spiegels.nl/products/waste-no-time-arguing-what-a-good-man-should-be-be-one-motivatie-spiegel.html]
[www.sport-spiegels.nl/cdn/shop/files/Volleybal65d6.png]
[www.sport-spiegels.nl/products/volleybal.oembed]
[www.sport-spiegels.nl/cdn/shop/files/Volleybal6851.png]
[www.sport-spiegels.nl/cdn/shop/files/volleybal-26851.png]
[www.sport-spiegels.nl/cdn/shop/files/Volleybal2dee.png]
[www.sport-spiegels.nl/cdn/shop/files/volleybal-22dee.png]
[www.sport-spiegels.nl/cdn/shop/files/Volleybal7698.png]
[www.sport-spiegels.nl/cdn/shop/files/volleybal-27698.png]
[www.sport-spiegels.nl/products/volleybal.html]
[www.sport-spiegels.nl/cdn/shop/files/Wanted_Poster-26b00.png]
[www.sport-spiegels.nl/products/wanted-poster-spiegel-zoek-jezelf-als-gezochte-bandiet.oembed]
[www.sport-spiegels.nl/cdn/shop/files/Wanted_Poster-2f26d.png]
[www.sport-spiegels.nl/cdn/shop/files/Wanted_Poster-1f26d.png]
[www.sport-spiegels.nl/cdn/shop/files/Wanted_Poster-2448d.png]
[www.sport-spiegels.nl/cdn/shop/files/Wanted_Poster-1448d.png]
[www.sport-spiegels.nl/cdn/shop/files/Wanted_Poster-2ae5d.png]
[www.sport-spiegels.nl/cdn/shop/files/Wanted_Poster-1ae5d.png]
[www.sport-spiegels.nl/products/wanted-poster-spiegel-zoek-jezelf-als-gezochte-bandiet.html]
[www.sport-spiegels.nl/cdn/shop/files/Kerst_kunstspiegel-33f49.png]
[www.sport-spiegels.nl/products/winter-spiegel-een-koele-reflectie-van-het-seizoen.oembed]
[www.sport-spiegels.nl/cdn/shop/files/Kerst_kunstspiegel-35bea.png]
[www.sport-spiegels.nl/cdn/shop/files/Kerst_kunstspiegel-1f3ba.png]
[www.sport-spiegels.nl/cdn/shop/files/Kerst_kunstspiegel-2085f.png]
[www.sport-spiegels.nl/cdn/shop/files/Kerst_kunstspiegel-316f6.png]
[www.sport-spiegels.nl/cdn/shop/files/Kerst_kunstspiegel-1b8c5.png]
[www.sport-spiegels.nl/cdn/shop/files/Kerst_kunstspiegel-2374b.png]
[www.sport-spiegels.nl/cdn/shop/files/Kerst_kunstspiegel-35390.png]
[www.sport-spiegels.nl/cdn/shop/files/Kerst_kunstspiegel-1b56a.png]
[www.sport-spiegels.nl/cdn/shop/files/Kerst_kunstspiegel-24e1c.png]
[www.sport-spiegels.nl/products/winter-spiegel-een-koele-reflectie-van-het-seizoen.html]
[www.sport-spiegels.nl/cdn/shop/files/yin_yang-kunustspiegel-3003c.png]
[www.sport-spiegels.nl/products/ying-yang-spiegel-balans-en-reflectie-in-een.oembed]
[www.sport-spiegels.nl/cdn/shop/files/yin_yang-kunustspiegel-391c4.png]
[www.sport-spiegels.nl/cdn/shop/files/yin_yang-kunustspiegel-1cf19.png]
[www.sport-spiegels.nl/cdn/shop/files/yin_yang-kunustspiegel-3aac5.png]
[www.sport-spiegels.nl/cdn/shop/files/yin_yang-kunustspiegel-1d829.png]
[www.sport-spiegels.nl/cdn/shop/files/yin_yang-kunustspiegel-3c336.png]
[www.sport-spiegels.nl/cdn/shop/files/yin_yang-kunustspiegel-1629c.png]
[www.sport-spiegels.nl/products/ying-yang-spiegel-balans-en-reflectie-in-een.html]
[www.sport-spiegels.nl/cdn/shop/files/Blackhole-273ea.png]
[www.sport-spiegels.nl/products/zwart-gat-spiegel-reflectie-van-een-kleurrijk-universum.oembed]
[www.sport-spiegels.nl/cdn/shop/files/Blackhole-2ec9f.png]
[www.sport-spiegels.nl/cdn/shop/files/Blackhole-159f5.png]
[www.sport-spiegels.nl/cdn/shop/files/Blackhole-2d9de.png]
[www.sport-spiegels.nl/cdn/shop/files/Blackhole-13b61.png]
[www.sport-spiegels.nl/cdn/shop/files/Blackhole-240c6.png]
[www.sport-spiegels.nl/cdn/shop/files/Blackhole-14c85.png]
[www.sport-spiegels.nl/products/zwart-gat-spiegel-reflectie-van-een-kleurrijk-universum.html]
[www.sport-spiegels.nl/cdn/shop/t/2/assets/section-contact-form9bfb.css]
[www.sport-spiegels.nl/cdn/shopifycloud/portable-wallets/latest/accelerated-checkout-backwards-compat.css]
[www.sport-spiegels.nl/products/POST.html]
[www.sport-spiegels.nl/cdn/shop/t/2/assets/section-main-producte7fd.css]
[www.sport-spiegels.nl/cdn/shop/t/2/assets/component-accordione990.css]
[www.sport-spiegels.nl/cdn/shop/t/2/assets/component-deferred-media9304.css]
[www.sport-spiegels.nl/cdn/shop/t/2/assets/component-product-variant-picker988a.css]
[www.sport-spiegels.nl/cdn/shop/t/2/assets/component-pickup-availability2adc.css]
[www.sport-spiegels.nl/cdn/shop/t/2/assets/section-related-productsacea.css]
[www.sport-spiegels.nl/en/POST.html]
[www.sport-spiegels.nl/en/collections/all4658.html]
[www.sport-spiegels.nl/en/collections/POST.html]
[www.sport-spiegels.nl/en/collections/all2679.html]
[www.sport-spiegels.nl/en/products/avw66-voetbalspiegel.oembed]
[www.sport-spiegels.nl/en/products/avw66-voetbalspiegel.html]
[www.sport-spiegels.nl/en/products/basketbal.oembed]
[www.sport-spiegels.nl/en/products/basketbal.html]
[www.sport-spiegels.nl/en/products/bloemen-spiegel-een-vleugje-natuur-aan-de-muur.oembed]
[www.sport-spiegels.nl/en/products/bloemen-spiegel-een-vleugje-natuur-aan-de-muur.html]
[www.sport-spiegels.nl/en/products/d-v-c-26-didam.oembed]
[www.sport-spiegels.nl/en/products/d-v-c-26-didam.html]
[www.sport-spiegels.nl/en/products/de-graafschap-veur-altied-voebalsjaalspiegel.oembed]
[www.sport-spiegels.nl/en/products/de-graafschap-veur-altied-voebalsjaalspiegel.html]
[www.sport-spiegels.nl/en/products/de-graafschap-voetbalspiegel-samen-dran.oembed]
[www.sport-spiegels.nl/en/products/de-graafschap-voetbalspiegel-samen-dran.html]
[www.sport-spiegels.nl/en/products/volleybalspiegel-copy.oembed]
[www.sport-spiegels.nl/en/products/volleybalspiegel-copy.html]
[www.sport-spiegels.nl/en/products/gunbarrel-reflectie-spiegel-stap-in-de-wereld-van-james-bond.oembed]
[www.sport-spiegels.nl/en/products/gunbarrel-reflectie-spiegel-stap-in-de-wereld-van-james-bond.html]
[www.sport-spiegels.nl/en/products/herfst-spiegel-een-warmhartige-reflectie-van-het-seizoen.oembed]
[www.sport-spiegels.nl/en/products/herfst-spiegel-een-warmhartige-reflectie-van-het-seizoen.html]
[www.sport-spiegels.nl/en/products/kersenbloesem-boom-spiegel-bloeiende-schoonheidpy.oembed]
[www.sport-spiegels.nl/en/products/kersenbloesem-boom-spiegel-bloeiende-schoonheidpy.html]
[www.sport-spiegels.nl/en/products/kozakken-boys-trots-van-brabant-sinds-1932-voebalsjaalspiegel.oembed]
[www.sport-spiegels.nl/en/products/kozakken-boys-trots-van-brabant-sinds-1932-voebalsjaalspiegel.html]
[www.sport-spiegels.nl/en/products/kozakken-boys-werkendam-aan-de-macht-voetbalspiegel.oembed]
[www.sport-spiegels.nl/en/products/kozakken-boys-werkendam-aan-de-macht-voetbalspiegel.html]
[www.sport-spiegels.nl/en/products/lente-spiegel-een-vrolijke-reflectie-van-het-seizoen.oembed]
[www.sport-spiegels.nl/en/products/lente-spiegel-een-vrolijke-reflectie-van-het-seizoen.html]
[www.sport-spiegels.nl/en/products/maan-kunstcirkel.oembed]
[www.sport-spiegels.nl/en/products/maan-kunstcirkel.html]
[www.sport-spiegels.nl/en/products/maan-spiegel-zie-jezelf-in-het-mysterie-van-de-maan.oembed]
[www.sport-spiegels.nl/en/products/maan-spiegel-zie-jezelf-in-het-mysterie-van-de-maan.html]
[www.sport-spiegels.nl/en/products/mantra-spiegels-symmetrie-vrede-kunst.oembed]
[www.sport-spiegels.nl/en/products/mantra-spiegels-symmetrie-vrede-kunst.html]
[www.sport-spiegels.nl/en/products/moderne-decoratie-geometrische-spiegel.oembed]
[www.sport-spiegels.nl/en/products/moderne-decoratie-geometrische-spiegel.html]
[www.sport-spiegels.nl/en/products/moody-shapes-spiegel-een-hippe-groove.oembed]
[www.sport-spiegels.nl/en/products/moody-shapes-spiegel-een-hippe-groove.html]
[www.sport-spiegels.nl/en/products/de-graafschap-veur-altied-voebalsjaalspiegel-copy-copy.oembed]
[www.sport-spiegels.nl/en/products/de-graafschap-veur-altied-voebalsjaalspiegel-copy-copy.html]
[www.sport-spiegels.nl/en/products/sc-genemuiden-voetbalsjaalspiegel.oembed]
[www.sport-spiegels.nl/en/products/sc-genemuiden-voetbalsjaalspiegel.html]
[www.sport-spiegels.nl/en/policies/POST.html]
[www.sport-spiegels.nl/en/pages/POST.html]
[www.sport-spiegels.nl/en/products/viod-doetinchem-voetbalspiegel.oembed]
[www.sport-spiegels.nl/en/products/viod-doetinchem-voetbalspiegel.html]
[www.sport-spiegels.nl/en/products/warnveldse-boys-hart-van-de-boys-voebalsjaalspiegel.oembed]
[www.sport-spiegels.nl/en/products/warnveldse-boys-hart-van-de-boys-voebalsjaalspiegel.html]
[www.sport-spiegels.nl/en/products/warnveldse-boys-hart-van-de-boys-voetbalspiegel.oembed]
[www.sport-spiegels.nl/en/products/warnveldse-boys-hart-van-de-boys-voetbalspiegel.html]
[www.sport-spiegels.nl/en/products/voetbalspiegel.oembed]
[www.sport-spiegels.nl/en/products/voetbalspiegel.html]
[www.sport-spiegels.nl/en/products/sportclub-genemuiden-voetbalspiegel-de-trots-van-het-oosten.oembed]
[www.sport-spiegels.nl/en/products/sportclub-genemuiden-voetbalspiegel-de-trots-van-het-oosten.html]
[www.sport-spiegels.nl/en/products/your-only-limit-is-your-mind-motivatie-spiegel.oembed]
[www.sport-spiegels.nl/en/products/your-only-limit-is-your-mind-motivatie-spiegel.html]
[www.sport-spiegels.nl/en/products/working-on-a-new-me-motivatie-spiegel.oembed]
[www.sport-spiegels.nl/en/products/working-on-a-new-me-motivatie-spiegel.html]
[www.sport-spiegels.nl/en/products/you-know-that-you-want-to-pose-go-on-flex-💪-motivatie-spiegel.oembed]
[www.sport-spiegels.nl/en/products/you-know-that-you-want-to-pose-go-on-flex-💪-motivatie-spiegel.html]
[www.sport-spiegels.nl/en/products/waste-no-time-arguing-what-a-good-man-should-be-be-one-motivatie-spiegel.oembed]
[www.sport-spiegels.nl/en/products/waste-no-time-arguing-what-a-good-man-should-be-be-one-motivatie-spiegel.html]
[www.sport-spiegels.nl/en/products/volleybal.oembed]
[www.sport-spiegels.nl/en/products/volleybal.html]
[www.sport-spiegels.nl/en/products/wanted-poster-spiegel-zoek-jezelf-als-gezochte-bandiet.oembed]
[www.sport-spiegels.nl/en/products/wanted-poster-spiegel-zoek-jezelf-als-gezochte-bandiet.html]
[www.sport-spiegels.nl/en/products/winter-spiegel-een-koele-reflectie-van-het-seizoen.oembed]
[www.sport-spiegels.nl/en/products/winter-spiegel-een-koele-reflectie-van-het-seizoen.html]
[www.sport-spiegels.nl/en/products/ying-yang-spiegel-balans-en-reflectie-in-een.oembed]
[www.sport-spiegels.nl/en/products/ying-yang-spiegel-balans-en-reflectie-in-een.html]
[www.sport-spiegels.nl/en/products/zwart-gat-spiegel-reflectie-van-een-kleurrijk-universum.oembed]
[www.sport-spiegels.nl/en/products/zwart-gat-spiegel-reflectie-van-een-kleurrijk-universum.html]
[www.sport-spiegels.nl/en/products/POST.html]
[www.sport-spiegels.nl/de/POST.html]
[www.sport-spiegels.nl/de/collections/all4658.html]
[www.sport-spiegels.nl/de/collections/POST.html]
[www.sport-spiegels.nl/de/collections/all2679.html]
[www.sport-spiegels.nl/de/products/avw66-voetbalspiegel.oembed]
[www.sport-spiegels.nl/de/products/avw66-voetbalspiegel.html]
[www.sport-spiegels.nl/de/products/basketbal.oembed]
[www.sport-spiegels.nl/de/products/basketbal.html]
[www.sport-spiegels.nl/de/products/bloemen-spiegel-een-vleugje-natuur-aan-de-muur.oembed]
[www.sport-spiegels.nl/de/products/bloemen-spiegel-een-vleugje-natuur-aan-de-muur.html]
[www.sport-spiegels.nl/de/products/d-v-c-26-didam.oembed]
[www.sport-spiegels.nl/de/products/d-v-c-26-didam.html]
[www.sport-spiegels.nl/de/products/de-graafschap-veur-altied-voebalsjaalspiegel.oembed]
[www.sport-spiegels.nl/de/products/de-graafschap-veur-altied-voebalsjaalspiegel.html]
[www.sport-spiegels.nl/de/products/de-graafschap-voetbalspiegel-samen-dran.oembed]
[www.sport-spiegels.nl/de/products/de-graafschap-voetbalspiegel-samen-dran.html]
[www.sport-spiegels.nl/de/products/volleybalspiegel-copy.oembed]
[www.sport-spiegels.nl/de/products/volleybalspiegel-copy.html]
[www.sport-spiegels.nl/de/products/gunbarrel-reflectie-spiegel-stap-in-de-wereld-van-james-bond.oembed]
[www.sport-spiegels.nl/de/products/gunbarrel-reflectie-spiegel-stap-in-de-wereld-van-james-bond.html]
[www.sport-spiegels.nl/de/products/herfst-spiegel-een-warmhartige-reflectie-van-het-seizoen.oembed]
[www.sport-spiegels.nl/de/products/herfst-spiegel-een-warmhartige-reflectie-van-het-seizoen.html]
[www.sport-spiegels.nl/de/products/kersenbloesem-boom-spiegel-bloeiende-schoonheidpy.oembed]
[www.sport-spiegels.nl/de/products/kersenbloesem-boom-spiegel-bloeiende-schoonheidpy.html]
[www.sport-spiegels.nl/de/products/kozakken-boys-trots-van-brabant-sinds-1932-voebalsjaalspiegel.oembed]
[www.sport-spiegels.nl/de/products/kozakken-boys-trots-van-brabant-sinds-1932-voebalsjaalspiegel.html]
[www.sport-spiegels.nl/de/products/kozakken-boys-werkendam-aan-de-macht-voetbalspiegel.oembed]
[www.sport-spiegels.nl/de/products/kozakken-boys-werkendam-aan-de-macht-voetbalspiegel.html]
[www.sport-spiegels.nl/de/products/lente-spiegel-een-vrolijke-reflectie-van-het-seizoen.oembed]
[www.sport-spiegels.nl/de/products/lente-spiegel-een-vrolijke-reflectie-van-het-seizoen.html]
[www.sport-spiegels.nl/de/products/maan-kunstcirkel.oembed]
[www.sport-spiegels.nl/de/products/maan-kunstcirkel.html]
[www.sport-spiegels.nl/de/products/maan-spiegel-zie-jezelf-in-het-mysterie-van-de-maan.oembed]
[www.sport-spiegels.nl/de/products/maan-spiegel-zie-jezelf-in-het-mysterie-van-de-maan.html]
[www.sport-spiegels.nl/de/products/mantra-spiegels-symmetrie-vrede-kunst.oembed]
[www.sport-spiegels.nl/de/products/mantra-spiegels-symmetrie-vrede-kunst.html]
[www.sport-spiegels.nl/de/products/moderne-decoratie-geometrische-spiegel.oembed]
[www.sport-spiegels.nl/de/products/moderne-decoratie-geometrische-spiegel.html]
[www.sport-spiegels.nl/de/products/moody-shapes-spiegel-een-hippe-groove.oembed]
[www.sport-spiegels.nl/de/products/moody-shapes-spiegel-een-hippe-groove.html]
[www.sport-spiegels.nl/de/products/de-graafschap-veur-altied-voebalsjaalspiegel-copy-copy.oembed]
[www.sport-spiegels.nl/de/products/de-graafschap-veur-altied-voebalsjaalspiegel-copy-copy.html]
[www.sport-spiegels.nl/de/products/sc-genemuiden-voetbalsjaalspiegel.oembed]
[www.sport-spiegels.nl/de/products/sc-genemuiden-voetbalsjaalspiegel.html]
[www.sport-spiegels.nl/de/policies/POST.html]
[www.sport-spiegels.nl/de/pages/POST.html]
[www.sport-spiegels.nl/de/products/viod-doetinchem-voetbalspiegel.oembed]
[www.sport-spiegels.nl/de/products/viod-doetinchem-voetbalspiegel.html]
[www.sport-spiegels.nl/de/products/warnveldse-boys-hart-van-de-boys-voebalsjaalspiegel.oembed]
[www.sport-spiegels.nl/de/products/warnveldse-boys-hart-van-de-boys-voebalsjaalspiegel.html]
[www.sport-spiegels.nl/de/products/warnveldse-boys-hart-van-de-boys-voetbalspiegel.oembed]
[www.sport-spiegels.nl/de/products/warnveldse-boys-hart-van-de-boys-voetbalspiegel.html]
[www.sport-spiegels.nl/de/products/voetbalspiegel.oembed]
[www.sport-spiegels.nl/de/products/voetbalspiegel.html]
[www.sport-spiegels.nl/de/products/sportclub-genemuiden-voetbalspiegel-de-trots-van-het-oosten.oembed]
[www.sport-spiegels.nl/de/products/sportclub-genemuiden-voetbalspiegel-de-trots-van-het-oosten.html]
[www.sport-spiegels.nl/de/products/your-only-limit-is-your-mind-motivatie-spiegel.oembed]
[www.sport-spiegels.nl/de/products/your-only-limit-is-your-mind-motivatie-spiegel.html]
[www.sport-spiegels.nl/de/products/working-on-a-new-me-motivatie-spiegel.oembed]
[www.sport-spiegels.nl/de/products/working-on-a-new-me-motivatie-spiegel.html]
[www.sport-spiegels.nl/de/products/you-know-that-you-want-to-pose-go-on-flex-💪-motivatie-spiegel.oembed]
[www.sport-spiegels.nl/de/products/you-know-that-you-want-to-pose-go-on-flex-💪-motivatie-spiegel.html]
[www.sport-spiegels.nl/de/products/waste-no-time-arguing-what-a-good-man-should-be-be-one-motivatie-spiegel.oembed]
[www.sport-spiegels.nl/de/products/waste-no-time-arguing-what-a-good-man-should-be-be-one-motivatie-spiegel.html]
[www.sport-spiegels.nl/de/products/volleybal.oembed]
[www.sport-spiegels.nl/de/products/volleybal.html]
[www.sport-spiegels.nl/de/products/wanted-poster-spiegel-zoek-jezelf-als-gezochte-bandiet.oembed]
[www.sport-spiegels.nl/de/products/wanted-poster-spiegel-zoek-jezelf-als-gezochte-bandiet.html]
[www.sport-spiegels.nl/de/products/winter-spiegel-een-koele-reflectie-van-het-seizoen.oembed]
[www.sport-spiegels.nl/de/products/winter-spiegel-een-koele-reflectie-van-het-seizoen.html]
[www.sport-spiegels.nl/de/products/ying-yang-spiegel-balans-en-reflectie-in-een.oembed]
[www.sport-spiegels.nl/de/products/ying-yang-spiegel-balans-en-reflectie-in-een.html]
[www.sport-spiegels.nl/de/products/zwart-gat-spiegel-reflectie-van-een-kleurrijk-universum.oembed]
[www.sport-spiegels.nl/de/products/zwart-gat-spiegel-reflectie-van-een-kleurrijk-universum.html]
[www.sport-spiegels.nl/de/products/POST.html]
[www.sport-spiegels.nl/collections/all2679.html]
[www.sport-spiegels.nl/en/collections/all2679.html]
[www.sport-spiegels.nl/de/collections/all2679.html]
